06:21:18 **** Build of project Test_Run_bsp ****
make -k all 
Running Make include in microblaze_0/libsrc/cpu_v2_6/src
make -C microblaze_0/libsrc/cpu_v2_6/src -s include  "SHELL=/bin/sh" "COMPILER=mb-gcc" "ARCHIVER=mb-ar" "COMPILER_FLAGS= -O2 -c -mcpu=v10.0 -mlittle-endian -mno-xl-soft-div -mno-xl-soft-mul -mxl-barrel-shift" "EXTRA_COMPILER_FLAGS=-ffunction-sections -fdata-sections -Wall -Wextra"
Running Make include in microblaze_0/libsrc/spips_v3_0/src
make -C microblaze_0/libsrc/spips_v3_0/src -s include  "SHELL=/bin/sh" "COMPILER=mb-gcc" "ARCHIVER=mb-ar" "COMPILER_FLAGS= -O2 -c -mcpu=v10.0 -mlittle-endian -mno-xl-soft-div -mno-xl-soft-mul -mxl-barrel-shift" "EXTRA_COMPILER_FLAGS=-ffunction-sections -fdata-sections -Wall -Wextra"
Running Make include in microblaze_0/libsrc/standalone_v6_5/src
make -C microblaze_0/libsrc/standalone_v6_5/src -s include  "SHELL=/bin/sh" "COMPILER=mb-gcc" "ARCHIVER=mb-ar" "COMPILER_FLAGS= -O2 -c -mcpu=v10.0 -mlittle-endian -mno-xl-soft-div -mno-xl-soft-mul -mxl-barrel-shift" "EXTRA_COMPILER_FLAGS=-ffunction-sections -fdata-sections -Wall -Wextra"
Running Make include in microblaze_0/libsrc/gpiops_v3_3/src
make -C microblaze_0/libsrc/gpiops_v3_3/src -s include  "SHELL=/bin/sh" "COMPILER=mb-gcc" "ARCHIVER=mb-ar" "COMPILER_FLAGS= -O2 -c -mcpu=v10.0 -mlittle-endian -mno-xl-soft-div -mno-xl-soft-mul -mxl-barrel-shift" "EXTRA_COMPILER_FLAGS=-ffunction-sections -fdata-sections -Wall -Wextra"
Running Make include in microblaze_0/libsrc/axidma_v9_5/src
make -C microblaze_0/libsrc/axidma_v9_5/src -s include  "SHELL=/bin/sh" "COMPILER=mb-gcc" "ARCHIVER=mb-ar" "COMPILER_FLAGS= -O2 -c -mcpu=v10.0 -mlittle-endian -mno-xl-soft-div -mno-xl-soft-mul -mxl-barrel-shift" "EXTRA_COMPILER_FLAGS=-ffunction-sections -fdata-sections -Wall -Wextra"
Running Make include in microblaze_0/libsrc/PWM_v1_0/src
make -C microblaze_0/libsrc/PWM_v1_0/src -s include  "SHELL=/bin/sh" "COMPILER=mb-gcc" "ARCHIVER=mb-ar" "COMPILER_FLAGS= -O2 -c -mcpu=v10.0 -mlittle-endian -mno-xl-soft-div -mno-xl-soft-mul -mxl-barrel-shift" "EXTRA_COMPILER_FLAGS=-ffunction-sections -fdata-sections -Wall -Wextra"
Running Make include in microblaze_0/libsrc/bram_v4_2/src
make -C microblaze_0/libsrc/bram_v4_2/src -s include  "SHELL=/bin/sh" "COMPILER=mb-gcc" "ARCHIVER=mb-ar" "COMPILER_FLAGS= -O2 -c -mcpu=v10.0 -mlittle-endian -mno-xl-soft-div -mno-xl-soft-mul -mxl-barrel-shift" "EXTRA_COMPILER_FLAGS=-ffunction-sections -fdata-sections -Wall -Wextra"
Running Make include in microblaze_0/libsrc/gpio_v4_3/src
make -C microblaze_0/libsrc/gpio_v4_3/src -s include  "SHELL=/bin/sh" "COMPILER=mb-gcc" "ARCHIVER=mb-ar" "COMPILER_FLAGS= -O2 -c -mcpu=v10.0 -mlittle-endian -mno-xl-soft-div -mno-xl-soft-mul -mxl-barrel-shift" "EXTRA_COMPILER_FLAGS=-ffunction-sections -fdata-sections -Wall -Wextra"
Running Make include in microblaze_0/libsrc/iicps_v3_5/src
make -C microblaze_0/libsrc/iicps_v3_5/src -s include  "SHELL=/bin/sh" "COMPILER=mb-gcc" "ARCHIVER=mb-ar" "COMPILER_FLAGS= -O2 -c -mcpu=v10.0 -mlittle-endian -mno-xl-soft-div -mno-xl-soft-mul -mxl-barrel-shift" "EXTRA_COMPILER_FLAGS=-ffunction-sections -fdata-sections -Wall -Wextra"
Running Make include in microblaze_0/libsrc/sdps_v3_3/src
make -C microblaze_0/libsrc/sdps_v3_3/src -s include  "SHELL=/bin/sh" "COMPILER=mb-gcc" "ARCHIVER=mb-ar" "COMPILER_FLAGS= -O2 -c -mcpu=v10.0 -mlittle-endian -mno-xl-soft-div -mno-xl-soft-mul -mxl-barrel-shift" "EXTRA_COMPILER_FLAGS=-ffunction-sections -fdata-sections -Wall -Wextra"
Running Make include in microblaze_0/libsrc/emacps_v3_6/src
make -C microblaze_0/libsrc/emacps_v3_6/src -s include  "SHELL=/bin/sh" "COMPILER=mb-gcc" "ARCHIVER=mb-ar" "COMPILER_FLAGS= -O2 -c -mcpu=v10.0 -mlittle-endian -mno-xl-soft-div -mno-xl-soft-mul -mxl-barrel-shift" "EXTRA_COMPILER_FLAGS=-ffunction-sections -fdata-sections -Wall -Wextra"
Running Make include in microblaze_0/libsrc/intc_v3_7/src
make -C microblaze_0/libsrc/intc_v3_7/src -s include  "SHELL=/bin/sh" "COMPILER=mb-gcc" "ARCHIVER=mb-ar" "COMPILER_FLAGS= -O2 -c -mcpu=v10.0 -mlittle-endian -mno-xl-soft-div -mno-xl-soft-mul -mxl-barrel-shift" "EXTRA_COMPILER_FLAGS=-ffunction-sections -fdata-sections -Wall -Wextra"
Running Make include in microblaze_0/libsrc/usbps_v2_4/src
make -C microblaze_0/libsrc/usbps_v2_4/src -s include  "SHELL=/bin/sh" "COMPILER=mb-gcc" "ARCHIVER=mb-ar" "COMPILER_FLAGS= -O2 -c -mcpu=v10.0 -mlittle-endian -mno-xl-soft-div -mno-xl-soft-mul -mxl-barrel-shift" "EXTRA_COMPILER_FLAGS=-ffunction-sections -fdata-sections -Wall -Wextra"
Running Make include in microblaze_0/libsrc/uartps_v3_5/src
make -C microblaze_0/libsrc/uartps_v3_5/src -s include  "SHELL=/bin/sh" "COMPILER=mb-gcc" "ARCHIVER=mb-ar" "COMPILER_FLAGS= -O2 -c -mcpu=v10.0 -mlittle-endian -mno-xl-soft-div -mno-xl-soft-mul -mxl-barrel-shift" "EXTRA_COMPILER_FLAGS=-ffunction-sections -fdata-sections -Wall -Wextra"
Running Make libs in microblaze_0/libsrc/cpu_v2_6/src
make -C microblaze_0/libsrc/cpu_v2_6/src -s libs  "SHELL=/bin/sh" "COMPILER=mb-gcc" "ARCHIVER=mb-ar" "COMPILER_FLAGS= -O2 -c -mcpu=v10.0 -mlittle-endian -mno-xl-soft-div -mno-xl-soft-mul -mxl-barrel-shift" "EXTRA_COMPILER_FLAGS=-ffunction-sections -fdata-sections -Wall -Wextra"
Compiling cpu
mb-ar: creating ../../../lib/libxil.a
Running Make libs in microblaze_0/libsrc/spips_v3_0/src
make -C microblaze_0/libsrc/spips_v3_0/src -s libs  "SHELL=/bin/sh" "COMPILER=mb-gcc" "ARCHIVER=mb-ar" "COMPILER_FLAGS= -O2 -c -mcpu=v10.0 -mlittle-endian -mno-xl-soft-div -mno-xl-soft-mul -mxl-barrel-shift" "EXTRA_COMPILER_FLAGS=-ffunction-sections -fdata-sections -Wall -Wextra"
Compiling spips
Running Make libs in microblaze_0/libsrc/standalone_v6_5/src
make -C microblaze_0/libsrc/standalone_v6_5/src -s libs  "SHELL=/bin/sh" "COMPILER=mb-gcc" "ARCHIVER=mb-ar" "COMPILER_FLAGS= -O2 -c -mcpu=v10.0 -mlittle-endian -mno-xl-soft-div -mno-xl-soft-mul -mxl-barrel-shift" "EXTRA_COMPILER_FLAGS=-ffunction-sections -fdata-sections -Wall -Wextra"
Compiling standalone
Running Make libs in microblaze_0/libsrc/gpiops_v3_3/src
make -C microblaze_0/libsrc/gpiops_v3_3/src -s libs  "SHELL=/bin/sh" "COMPILER=mb-gcc" "ARCHIVER=mb-ar" "COMPILER_FLAGS= -O2 -c -mcpu=v10.0 -mlittle-endian -mno-xl-soft-div -mno-xl-soft-mul -mxl-barrel-shift" "EXTRA_COMPILER_FLAGS=-ffunction-sections -fdata-sections -Wall -Wextra"
Compiling gpiops
Running Make libs in microblaze_0/libsrc/axidma_v9_5/src
make -C microblaze_0/libsrc/axidma_v9_5/src -s libs  "SHELL=/bin/sh" "COMPILER=mb-gcc" "ARCHIVER=mb-ar" "COMPILER_FLAGS= -O2 -c -mcpu=v10.0 -mlittle-endian -mno-xl-soft-div -mno-xl-soft-mul -mxl-barrel-shift" "EXTRA_COMPILER_FLAGS=-ffunction-sections -fdata-sections -Wall -Wextra"
Compiling axidma
Running Make libs in microblaze_0/libsrc/PWM_v1_0/src
make -C microblaze_0/libsrc/PWM_v1_0/src -s libs  "SHELL=/bin/sh" "COMPILER=mb-gcc" "ARCHIVER=mb-ar" "COMPILER_FLAGS= -O2 -c -mcpu=v10.0 -mlittle-endian -mno-xl-soft-div -mno-xl-soft-mul -mxl-barrel-shift" "EXTRA_COMPILER_FLAGS=-ffunction-sections -fdata-sections -Wall -Wextra"
Compiling PWM...
PWM_selftest.c: In function 'PWM_Reg_SelfTest':
PWM_selftest.c:52:52: warning: comparison between signed and unsigned integer expressions [-Wsign-compare]
    if ( PWM_mReadReg (baseaddr, read_loop_index*4) != (read_loop_index+1)*READ_WRITE_MUL_FACTOR){
                                                    ^~
PWM_selftest.c:36:6: warning: unused variable 'Index' [-Wunused-variable]
  int Index;
      ^~~~~
Running Make libs in microblaze_0/libsrc/bram_v4_2/src
make -C microblaze_0/libsrc/bram_v4_2/src -s libs  "SHELL=/bin/sh" "COMPILER=mb-gcc" "ARCHIVER=mb-ar" "COMPILER_FLAGS= -O2 -c -mcpu=v10.0 -mlittle-endian -mno-xl-soft-div -mno-xl-soft-mul -mxl-barrel-shift" "EXTRA_COMPILER_FLAGS=-ffunction-sections -fdata-sections -Wall -Wextra"
Compiling bram
Running Make libs in microblaze_0/libsrc/gpio_v4_3/src
make -C microblaze_0/libsrc/gpio_v4_3/src -s libs  "SHELL=/bin/sh" "COMPILER=mb-gcc" "ARCHIVER=mb-ar" "COMPILER_FLAGS= -O2 -c -mcpu=v10.0 -mlittle-endian -mno-xl-soft-div -mno-xl-soft-mul -mxl-barrel-shift" "EXTRA_COMPILER_FLAGS=-ffunction-sections -fdata-sections -Wall -Wextra"
Compiling gpio
Running Make libs in microblaze_0/libsrc/iicps_v3_5/src
make -C microblaze_0/libsrc/iicps_v3_5/src -s libs  "SHELL=/bin/sh" "COMPILER=mb-gcc" "ARCHIVER=mb-ar" "COMPILER_FLAGS= -O2 -c -mcpu=v10.0 -mlittle-endian -mno-xl-soft-div -mno-xl-soft-mul -mxl-barrel-shift" "EXTRA_COMPILER_FLAGS=-ffunction-sections -fdata-sections -Wall -Wextra"
Compiling iicps
Running Make libs in microblaze_0/libsrc/sdps_v3_3/src
make -C microblaze_0/libsrc/sdps_v3_3/src -s libs  "SHELL=/bin/sh" "COMPILER=mb-gcc" "ARCHIVER=mb-ar" "COMPILER_FLAGS= -O2 -c -mcpu=v10.0 -mlittle-endian -mno-xl-soft-div -mno-xl-soft-mul -mxl-barrel-shift" "EXTRA_COMPILER_FLAGS=-ffunction-sections -fdata-sections -Wall -Wextra"
Compiling sdps
Running Make libs in microblaze_0/libsrc/emacps_v3_6/src
make -C microblaze_0/libsrc/emacps_v3_6/src -s libs  "SHELL=/bin/sh" "COMPILER=mb-gcc" "ARCHIVER=mb-ar" "COMPILER_FLAGS= -O2 -c -mcpu=v10.0 -mlittle-endian -mno-xl-soft-div -mno-xl-soft-mul -mxl-barrel-shift" "EXTRA_COMPILER_FLAGS=-ffunction-sections -fdata-sections -Wall -Wextra"
Compiling emacps
Running Make libs in microblaze_0/libsrc/intc_v3_7/src
make -C microblaze_0/libsrc/intc_v3_7/src -s libs  "SHELL=/bin/sh" "COMPILER=mb-gcc" "ARCHIVER=mb-ar" "COMPILER_FLAGS= -O2 -c -mcpu=v10.0 -mlittle-endian -mno-xl-soft-div -mno-xl-soft-mul -mxl-barrel-shift" "EXTRA_COMPILER_FLAGS=-ffunction-sections -fdata-sections -Wall -Wextra"
Compiling intc
Running Make libs in microblaze_0/libsrc/usbps_v2_4/src
make -C microblaze_0/libsrc/usbps_v2_4/src -s libs  "SHELL=/bin/sh" "COMPILER=mb-gcc" "ARCHIVER=mb-ar" "COMPILER_FLAGS= -O2 -c -mcpu=v10.0 -mlittle-endian -mno-xl-soft-div -mno-xl-soft-mul -mxl-barrel-shift" "EXTRA_COMPILER_FLAGS=-ffunction-sections -fdata-sections -Wall -Wextra"
Compiling usbps
Running Make libs in microblaze_0/libsrc/uartps_v3_5/src
make -C microblaze_0/libsrc/uartps_v3_5/src -s libs  "SHELL=/bin/sh" "COMPILER=mb-gcc" "ARCHIVER=mb-ar" "COMPILER_FLAGS= -O2 -c -mcpu=v10.0 -mlittle-endian -mno-xl-soft-div -mno-xl-soft-mul -mxl-barrel-shift" "EXTRA_COMPILER_FLAGS=-ffunction-sections -fdata-sections -Wall -Wextra"
Compiling uartps
Finished building libraries
06:21:26 **** Build of configuration Debug for project Test_Run ****
make all 
Building file: ../src/helloworld.c
Invoking: MicroBlaze gcc compiler
mb-gcc -Wall -O0 -g3 -c -fmessage-length=0 -MT"src/helloworld.o" -I../../Test_Run_bsp/microblaze_0/include -mlittle-endian -mxl-barrel-shift -mno-xl-soft-div -mcpu=v10.0 -mno-xl-soft-mul -Wl,--no-relax -ffunction-sections -fdata-sections -MMD -MP -MF"src/helloworld.d" -MT"src/helloworld.o" -o "src/helloworld.o" "../src/helloworld.c"
Finished building: ../src/helloworld.c
 
Building file: ../src/platform.c
Invoking: MicroBlaze gcc compiler
mb-gcc -Wall -O0 -g3 -c -fmessage-length=0 -MT"src/platform.o" -I../../Test_Run_bsp/microblaze_0/include -mlittle-endian -mxl-barrel-shift -mno-xl-soft-div -mcpu=v10.0 -mno-xl-soft-mul -Wl,--no-relax -ffunction-sections -fdata-sections -MMD -MP -MF"src/platform.d" -MT"src/platform.o" -o "src/platform.o" "../src/platform.c"
Finished building: ../src/platform.c
 
Building target: Test_Run.elf
Invoking: MicroBlaze gcc linker
mb-gcc -Wl,-T -Wl,../src/lscript.ld -L../../Test_Run_bsp/microblaze_0/lib -mlittle-endian -mxl-barrel-shift -mno-xl-soft-div -mcpu=v10.0 -mno-xl-soft-mul -Wl,--no-relax -Wl,--gc-sections -o "Test_Run.elf"  ./src/helloworld.o ./src/platform.o   -Wl,--start-group,-lxil,-lgcc,-lc,--end-group
Finished building target: Test_Run.elf
 
Invoking: MicroBlaze Print Size
mb-size Test_Run.elf  |tee "Test_Run.elf.size"
   text	   data	    bss	    dec	    hex	filename
   2900	    308	   3112	   6320	   18b0	Test_Run.elf
Finished building: Test_Run.elf.size
 
06:24:13 **** Auto Build of configuration Debug for project Test_Run ****
make all 
make: Nothing to be done for 'all'.
06:24:28 **** Clean-only build of configuration Debug for project Test_Run ****
make clean 
rm -rf  ./src/HASH/md5.o ./src/HASH/sha1.o ./src/HASH/sha256.o  ./src/ECC/uECC.o  ./src/AES/aes.o ./src/AES/aes_decrypt_driver.o  ./src/helloworld.o ./src/main.o ./src/platform.o ./src/tests_1.o ./src/util.o  ./src/HASH/md5.d ./src/HASH/sha1.d ./src/HASH/sha256.d  ./src/ECC/uECC.d  ./src/AES/aes.d ./src/AES/aes_decrypt_driver.d  ./src/helloworld.d ./src/main.d ./src/platform.d ./src/tests_1.d ./src/util.d  Test_Run.elf.size  Test_Run.elf
 
06:24:28 **** Auto Build of configuration Debug for project Test_Run ****
make all 
Building file: ../src/HASH/md5.c
Invoking: MicroBlaze gcc compiler
mb-gcc -Wall -O0 -g3 -c -fmessage-length=0 -MT"src/HASH/md5.o" -I../../Test_Run_bsp/microblaze_0/include -mlittle-endian -mxl-barrel-shift -mno-xl-soft-div -mcpu=v10.0 -mno-xl-soft-mul -Wl,--no-relax -ffunction-sections -fdata-sections -MMD -MP -MF"src/HASH/md5.d" -MT"src/HASH/md5.o" -o "src/HASH/md5.o" "../src/HASH/md5.c"
Finished building: ../src/HASH/md5.c
 
Building file: ../src/HASH/sha1.c
Invoking: MicroBlaze gcc compiler
mb-gcc -Wall -O0 -g3 -c -fmessage-length=0 -MT"src/HASH/sha1.o" -I../../Test_Run_bsp/microblaze_0/include -mlittle-endian -mxl-barrel-shift -mno-xl-soft-div -mcpu=v10.0 -mno-xl-soft-mul -Wl,--no-relax -ffunction-sections -fdata-sections -MMD -MP -MF"src/HASH/sha1.d" -MT"src/HASH/sha1.o" -o "src/HASH/sha1.o" "../src/HASH/sha1.c"
Finished building: ../src/HASH/sha1.c
 
Building file: ../src/HASH/sha256.c
Invoking: MicroBlaze gcc compiler
mb-gcc -Wall -O0 -g3 -c -fmessage-length=0 -MT"src/HASH/sha256.o" -I../../Test_Run_bsp/microblaze_0/include -mlittle-endian -mxl-barrel-shift -mno-xl-soft-div -mcpu=v10.0 -mno-xl-soft-mul -Wl,--no-relax -ffunction-sections -fdata-sections -MMD -MP -MF"src/HASH/sha256.d" -MT"src/HASH/sha256.o" -o "src/HASH/sha256.o" "../src/HASH/sha256.c"
Finished building: ../src/HASH/sha256.c
 
Building file: ../src/ECC/uECC.c
Invoking: MicroBlaze gcc compiler
mb-gcc -Wall -O0 -g3 -c -fmessage-length=0 -MT"src/ECC/uECC.o" -I../../Test_Run_bsp/microblaze_0/include -mlittle-endian -mxl-barrel-shift -mno-xl-soft-div -mcpu=v10.0 -mno-xl-soft-mul -Wl,--no-relax -ffunction-sections -fdata-sections -MMD -MP -MF"src/ECC/uECC.d" -MT"src/ECC/uECC.o" -o "src/ECC/uECC.o" "../src/ECC/uECC.c"
Finished building: ../src/ECC/uECC.c
 
Building file: ../src/AES/aes.c
Invoking: MicroBlaze gcc compiler
mb-gcc -Wall -O0 -g3 -c -fmessage-length=0 -MT"src/AES/aes.o" -I../../Test_Run_bsp/microblaze_0/include -mlittle-endian -mxl-barrel-shift -mno-xl-soft-div -mcpu=v10.0 -mno-xl-soft-mul -Wl,--no-relax -ffunction-sections -fdata-sections -MMD -MP -MF"src/AES/aes.d" -MT"src/AES/aes.o" -o "src/AES/aes.o" "../src/AES/aes.c"
../src/AES/aes.c:147:16: warning: 'getSBoxInvert' defined but not used [-Wunused-function]
 static uint8_t getSBoxInvert(uint8_t num)
                ^~~~~~~~~~~~~
../src/AES/aes.c:140:16: warning: 'getSBoxValue' defined but not used [-Wunused-function]
 static uint8_t getSBoxValue(uint8_t num)
                ^~~~~~~~~~~~
Finished building: ../src/AES/aes.c
 
Building file: ../src/AES/aes_decrypt_driver.c
Invoking: MicroBlaze gcc compiler
mb-gcc -Wall -O0 -g3 -c -fmessage-length=0 -MT"src/AES/aes_decrypt_driver.o" -I../../Test_Run_bsp/microblaze_0/include -mlittle-endian -mxl-barrel-shift -mno-xl-soft-div -mcpu=v10.0 -mno-xl-soft-mul -Wl,--no-relax -ffunction-sections -fdata-sections -MMD -MP -MF"src/AES/aes_decrypt_driver.d" -MT"src/AES/aes_decrypt_driver.o" -o "src/AES/aes_decrypt_driver.o" "../src/AES/aes_decrypt_driver.c"
Finished building: ../src/AES/aes_decrypt_driver.c
 
Building file: ../src/main.c
Invoking: MicroBlaze gcc compiler
mb-gcc -Wall -O0 -g3 -c -fmessage-length=0 -MT"src/main.o" -I../../Test_Run_bsp/microblaze_0/include -mlittle-endian -mxl-barrel-shift -mno-xl-soft-div -mcpu=v10.0 -mno-xl-soft-mul -Wl,--no-relax -ffunction-sections -fdata-sections -MMD -MP -MF"src/main.d" -MT"src/main.o" -o "src/main.o" "../src/main.c"
../src/main.c: In function 'play_song':
../src/main.c:415:10: warning: unused variable 'buf' [-Wunused-variable]
     BYTE buf[MD5_BLOCK_SIZE];
          ^~~
../src/main.c:392:13: warning: unused variable 'private' [-Wunused-variable]
     uint8_t private[32] = {0x8a, 0x45, 0xfe, 0x7a, 0xb0, 0x81, 0x75, 0xc3, 0x2d, 0x60, 0xac, 0x6f, 0xd4, 0xf8, 0xb8, 0x60, 0xa6, 0x1a, 0xc2, 0x65, 0xa5, 0xdc, 0xd2, 0x24, 0x3a, 0xc6, 0x0b, 0x0a, 0xb9, 0x04, 0x69, 0x4b};
             ^~~~~~~
Finished building: ../src/main.c
 
Building file: ../src/platform.c
Invoking: MicroBlaze gcc compiler
mb-gcc -Wall -O0 -g3 -c -fmessage-length=0 -MT"src/platform.o" -I../../Test_Run_bsp/microblaze_0/include -mlittle-endian -mxl-barrel-shift -mno-xl-soft-div -mcpu=v10.0 -mno-xl-soft-mul -Wl,--no-relax -ffunction-sections -fdata-sections -MMD -MP -MF"src/platform.d" -MT"src/platform.o" -o "src/platform.o" "../src/platform.c"
Finished building: ../src/platform.c
 
Building file: ../src/tests_1.c
Invoking: MicroBlaze gcc compiler
mb-gcc -Wall -O0 -g3 -c -fmessage-length=0 -MT"src/tests_1.o" -I../../Test_Run_bsp/microblaze_0/include -mlittle-endian -mxl-barrel-shift -mno-xl-soft-div -mcpu=v10.0 -mno-xl-soft-mul -Wl,--no-relax -ffunction-sections -fdata-sections -MMD -MP -MF"src/tests_1.d" -MT"src/tests_1.o" -o "src/tests_1.o" "../src/tests_1.c"
Finished building: ../src/tests_1.c
 
Building file: ../src/util.c
Invoking: MicroBlaze gcc compiler
mb-gcc -Wall -O0 -g3 -c -fmessage-length=0 -MT"src/util.o" -I../../Test_Run_bsp/microblaze_0/include -mlittle-endian -mxl-barrel-shift -mno-xl-soft-div -mcpu=v10.0 -mno-xl-soft-mul -Wl,--no-relax -ffunction-sections -fdata-sections -MMD -MP -MF"src/util.d" -MT"src/util.o" -o "src/util.o" "../src/util.c"
Finished building: ../src/util.c
 
Building target: Test_Run.elf
Invoking: MicroBlaze gcc linker
mb-gcc -Wl,-T -Wl,../src/lscript.ld -L../../Test_Run_bsp/microblaze_0/lib -mlittle-endian -mxl-barrel-shift -mno-xl-soft-div -mcpu=v10.0 -mno-xl-soft-mul -Wl,--no-relax -Wl,--gc-sections -o "Test_Run.elf"  ./src/HASH/md5.o ./src/HASH/sha1.o ./src/HASH/sha256.o  ./src/ECC/uECC.o  ./src/AES/aes.o ./src/AES/aes_decrypt_driver.o  ./src/main.o ./src/platform.o ./src/tests_1.o ./src/util.o   -Wl,--start-group,-lxil,-lgcc,-lc,--end-group
Finished building target: Test_Run.elf
 
Invoking: MicroBlaze Print Size
mb-size Test_Run.elf  |tee "Test_Run.elf.size"
   text	   data	    bss	    dec	    hex	filename
  43960	   1464	  21464	  66888	  10548	Test_Run.elf
Finished building: Test_Run.elf.size
 
06:24:37 **** Incremental Build of configuration Debug for project Test_Run ****
make all 
make: Nothing to be done for 'all'.
06:55:55 **** Auto Build of configuration Debug for project Test_Run ****
make all 
Building file: ../src/main.c
Invoking: MicroBlaze gcc compiler
mb-gcc -Wall -O0 -g3 -c -fmessage-length=0 -MT"src/main.o" -I../../Test_Run_bsp/microblaze_0/include -mlittle-endian -mxl-barrel-shift -mno-xl-soft-div -mcpu=v10.0 -mno-xl-soft-mul -Wl,--no-relax -ffunction-sections -fdata-sections -MMD -MP -MF"src/main.d" -MT"src/main.o" -o "src/main.o" "../src/main.c"
../src/main.c: In function 'play_song':
../src/main.c:418:14: error: 'SHA256_BLOCK_SIZE' undeclared (first use in this function)
     BYTE buf[SHA256_BLOCK_SIZE];
              ^~~~~~~~~~~~~~~~~
../src/main.c:418:14: note: each undeclared identifier is reported only once for each function it appears in
../src/main.c:503:3: error: unknown type name 'SHA256_CTX'
   SHA256_CTX sha_ctx;
   ^~~~~~~~~~
../src/main.c:505:3: warning: implicit declaration of function 'sha256_init' [-Wimplicit-function-declaration]
   sha256_init(&sha_ctx);
   ^~~~~~~~~~~
../src/main.c:506:3: warning: implicit declaration of function 'sha256_update' [-Wimplicit-function-declaration]
   sha256_update(&sha_ctx, universal_buffer, cp_num);
   ^~~~~~~~~~~~~
../src/main.c:507:3: warning: implicit declaration of function 'sha256_final' [-Wimplicit-function-declaration]
   sha256_final(&sha_ctx, buf);
   ^~~~~~~~~~~~
../src/main.c:418:10: warning: unused variable 'buf' [-Wunused-variable]
     BYTE buf[SHA256_BLOCK_SIZE];
          ^~~
make: *** [src/main.o] Error 1
src/subdir.mk:30: recipe for target 'src/main.o' failed
06:56:08 **** Auto Build of configuration Debug for project Test_Run ****
make all 
Building file: ../src/main.c
Invoking: MicroBlaze gcc compiler
mb-gcc -Wall -O0 -g3 -c -fmessage-length=0 -MT"src/main.o" -I../../Test_Run_bsp/microblaze_0/include -mlittle-endian -mxl-barrel-shift -mno-xl-soft-div -mcpu=v10.0 -mno-xl-soft-mul -Wl,--no-relax -ffunction-sections -fdata-sections -MMD -MP -MF"src/main.d" -MT"src/main.o" -o "src/main.o" "../src/main.c"
Finished building: ../src/main.c
 
Building target: Test_Run.elf
Invoking: MicroBlaze gcc linker
mb-gcc -Wl,-T -Wl,../src/lscript.ld -L../../Test_Run_bsp/microblaze_0/lib -mlittle-endian -mxl-barrel-shift -mno-xl-soft-div -mcpu=v10.0 -mno-xl-soft-mul -Wl,--no-relax -Wl,--gc-sections -o "Test_Run.elf"  ./src/HASH/md5.o ./src/HASH/sha1.o ./src/HASH/sha256.o  ./src/ECC/uECC.o  ./src/AES/aes.o ./src/AES/aes_decrypt_driver.o  ./src/main.o ./src/platform.o ./src/tests_1.o ./src/util.o   -Wl,--start-group,-lxil,-lgcc,-lc,--end-group
Finished building target: Test_Run.elf
 
Invoking: MicroBlaze Print Size
mb-size Test_Run.elf  |tee "Test_Run.elf.size"
   text	   data	    bss	    dec	    hex	filename
  38652	   1464	  21468	  61584	   f090	Test_Run.elf
Finished building: Test_Run.elf.size
 
07:01:20 **** Auto Build of configuration Debug for project Test_Run ****
make all 
Building file: ../src/main.c
Invoking: MicroBlaze gcc compiler
mb-gcc -Wall -O0 -g3 -c -fmessage-length=0 -MT"src/main.o" -I../../Test_Run_bsp/microblaze_0/include -mlittle-endian -mxl-barrel-shift -mno-xl-soft-div -mcpu=v10.0 -mno-xl-soft-mul -Wl,--no-relax -ffunction-sections -fdata-sections -MMD -MP -MF"src/main.d" -MT"src/main.o" -o "src/main.o" "../src/main.c"
Finished building: ../src/main.c
 
Building target: Test_Run.elf
Invoking: MicroBlaze gcc linker
mb-gcc -Wl,-T -Wl,../src/lscript.ld -L../../Test_Run_bsp/microblaze_0/lib -mlittle-endian -mxl-barrel-shift -mno-xl-soft-div -mcpu=v10.0 -mno-xl-soft-mul -Wl,--no-relax -Wl,--gc-sections -o "Test_Run.elf"  ./src/HASH/md5.o ./src/HASH/sha1.o ./src/HASH/sha256.o  ./src/ECC/uECC.o  ./src/AES/aes.o ./src/AES/aes_decrypt_driver.o  ./src/main.o ./src/platform.o ./src/tests_1.o ./src/util.o   -Wl,--start-group,-lxil,-lgcc,-lc,--end-group
Finished building target: Test_Run.elf
 
Invoking: MicroBlaze Print Size
mb-size Test_Run.elf  |tee "Test_Run.elf.size"
   text	   data	    bss	    dec	    hex	filename
  38652	   1464	  21468	  61584	   f090	Test_Run.elf
Finished building: Test_Run.elf.size
 
13:11:42 **** Auto Build of project Test_Run_bsp ****
make -k all 
Running Make include in microblaze_0/libsrc/cpu_v2_6/src
make -C microblaze_0/libsrc/cpu_v2_6/src -s include  "SHELL=/bin/sh" "COMPILER=mb-gcc" "ARCHIVER=mb-ar" "COMPILER_FLAGS= -O2 -c -mcpu=v10.0 -mlittle-endian -mno-xl-soft-div -mno-xl-soft-mul -mxl-barrel-shift" "EXTRA_COMPILER_FLAGS=-ffunction-sections -fdata-sections -Wall -Wextra"
Running Make include in microblaze_0/libsrc/spips_v3_0/src
make -C microblaze_0/libsrc/spips_v3_0/src -s include  "SHELL=/bin/sh" "COMPILER=mb-gcc" "ARCHIVER=mb-ar" "COMPILER_FLAGS= -O2 -c -mcpu=v10.0 -mlittle-endian -mno-xl-soft-div -mno-xl-soft-mul -mxl-barrel-shift" "EXTRA_COMPILER_FLAGS=-ffunction-sections -fdata-sections -Wall -Wextra"
Running Make include in microblaze_0/libsrc/standalone_v6_5/src
make -C microblaze_0/libsrc/standalone_v6_5/src -s include  "SHELL=/bin/sh" "COMPILER=mb-gcc" "ARCHIVER=mb-ar" "COMPILER_FLAGS= -O2 -c -mcpu=v10.0 -mlittle-endian -mno-xl-soft-div -mno-xl-soft-mul -mxl-barrel-shift" "EXTRA_COMPILER_FLAGS=-ffunction-sections -fdata-sections -Wall -Wextra"
Running Make include in microblaze_0/libsrc/gpiops_v3_3/src
make -C microblaze_0/libsrc/gpiops_v3_3/src -s include  "SHELL=/bin/sh" "COMPILER=mb-gcc" "ARCHIVER=mb-ar" "COMPILER_FLAGS= -O2 -c -mcpu=v10.0 -mlittle-endian -mno-xl-soft-div -mno-xl-soft-mul -mxl-barrel-shift" "EXTRA_COMPILER_FLAGS=-ffunction-sections -fdata-sections -Wall -Wextra"
Running Make include in microblaze_0/libsrc/axidma_v9_5/src
make -C microblaze_0/libsrc/axidma_v9_5/src -s include  "SHELL=/bin/sh" "COMPILER=mb-gcc" "ARCHIVER=mb-ar" "COMPILER_FLAGS= -O2 -c -mcpu=v10.0 -mlittle-endian -mno-xl-soft-div -mno-xl-soft-mul -mxl-barrel-shift" "EXTRA_COMPILER_FLAGS=-ffunction-sections -fdata-sections -Wall -Wextra"
Running Make include in microblaze_0/libsrc/PWM_v1_0/src
make -C microblaze_0/libsrc/PWM_v1_0/src -s include  "SHELL=/bin/sh" "COMPILER=mb-gcc" "ARCHIVER=mb-ar" "COMPILER_FLAGS= -O2 -c -mcpu=v10.0 -mlittle-endian -mno-xl-soft-div -mno-xl-soft-mul -mxl-barrel-shift" "EXTRA_COMPILER_FLAGS=-ffunction-sections -fdata-sections -Wall -Wextra"
Running Make include in microblaze_0/libsrc/bram_v4_2/src
make -C microblaze_0/libsrc/bram_v4_2/src -s include  "SHELL=/bin/sh" "COMPILER=mb-gcc" "ARCHIVER=mb-ar" "COMPILER_FLAGS= -O2 -c -mcpu=v10.0 -mlittle-endian -mno-xl-soft-div -mno-xl-soft-mul -mxl-barrel-shift" "EXTRA_COMPILER_FLAGS=-ffunction-sections -fdata-sections -Wall -Wextra"
Running Make include in microblaze_0/libsrc/gpio_v4_3/src
make -C microblaze_0/libsrc/gpio_v4_3/src -s include  "SHELL=/bin/sh" "COMPILER=mb-gcc" "ARCHIVER=mb-ar" "COMPILER_FLAGS= -O2 -c -mcpu=v10.0 -mlittle-endian -mno-xl-soft-div -mno-xl-soft-mul -mxl-barrel-shift" "EXTRA_COMPILER_FLAGS=-ffunction-sections -fdata-sections -Wall -Wextra"
Running Make include in microblaze_0/libsrc/iicps_v3_5/src
make -C microblaze_0/libsrc/iicps_v3_5/src -s include  "SHELL=/bin/sh" "COMPILER=mb-gcc" "ARCHIVER=mb-ar" "COMPILER_FLAGS= -O2 -c -mcpu=v10.0 -mlittle-endian -mno-xl-soft-div -mno-xl-soft-mul -mxl-barrel-shift" "EXTRA_COMPILER_FLAGS=-ffunction-sections -fdata-sections -Wall -Wextra"
Running Make include in microblaze_0/libsrc/sdps_v3_3/src
make -C microblaze_0/libsrc/sdps_v3_3/src -s include  "SHELL=/bin/sh" "COMPILER=mb-gcc" "ARCHIVER=mb-ar" "COMPILER_FLAGS= -O2 -c -mcpu=v10.0 -mlittle-endian -mno-xl-soft-div -mno-xl-soft-mul -mxl-barrel-shift" "EXTRA_COMPILER_FLAGS=-ffunction-sections -fdata-sections -Wall -Wextra"
Running Make include in microblaze_0/libsrc/emacps_v3_6/src
make -C microblaze_0/libsrc/emacps_v3_6/src -s include  "SHELL=/bin/sh" "COMPILER=mb-gcc" "ARCHIVER=mb-ar" "COMPILER_FLAGS= -O2 -c -mcpu=v10.0 -mlittle-endian -mno-xl-soft-div -mno-xl-soft-mul -mxl-barrel-shift" "EXTRA_COMPILER_FLAGS=-ffunction-sections -fdata-sections -Wall -Wextra"
Running Make include in microblaze_0/libsrc/intc_v3_7/src
make -C microblaze_0/libsrc/intc_v3_7/src -s include  "SHELL=/bin/sh" "COMPILER=mb-gcc" "ARCHIVER=mb-ar" "COMPILER_FLAGS= -O2 -c -mcpu=v10.0 -mlittle-endian -mno-xl-soft-div -mno-xl-soft-mul -mxl-barrel-shift" "EXTRA_COMPILER_FLAGS=-ffunction-sections -fdata-sections -Wall -Wextra"
Running Make include in microblaze_0/libsrc/usbps_v2_4/src
make -C microblaze_0/libsrc/usbps_v2_4/src -s include  "SHELL=/bin/sh" "COMPILER=mb-gcc" "ARCHIVER=mb-ar" "COMPILER_FLAGS= -O2 -c -mcpu=v10.0 -mlittle-endian -mno-xl-soft-div -mno-xl-soft-mul -mxl-barrel-shift" "EXTRA_COMPILER_FLAGS=-ffunction-sections -fdata-sections -Wall -Wextra"
Running Make include in microblaze_0/libsrc/uartps_v3_5/src
make -C microblaze_0/libsrc/uartps_v3_5/src -s include  "SHELL=/bin/sh" "COMPILER=mb-gcc" "ARCHIVER=mb-ar" "COMPILER_FLAGS= -O2 -c -mcpu=v10.0 -mlittle-endian -mno-xl-soft-div -mno-xl-soft-mul -mxl-barrel-shift" "EXTRA_COMPILER_FLAGS=-ffunction-sections -fdata-sections -Wall -Wextra"
Running Make libs in microblaze_0/libsrc/cpu_v2_6/src
make -C microblaze_0/libsrc/cpu_v2_6/src -s libs  "SHELL=/bin/sh" "COMPILER=mb-gcc" "ARCHIVER=mb-ar" "COMPILER_FLAGS= -O2 -c -mcpu=v10.0 -mlittle-endian -mno-xl-soft-div -mno-xl-soft-mul -mxl-barrel-shift" "EXTRA_COMPILER_FLAGS=-ffunction-sections -fdata-sections -Wall -Wextra"
Compiling cpu
mb-ar: creating ../../../lib/libxil.a
Running Make libs in microblaze_0/libsrc/spips_v3_0/src
make -C microblaze_0/libsrc/spips_v3_0/src -s libs  "SHELL=/bin/sh" "COMPILER=mb-gcc" "ARCHIVER=mb-ar" "COMPILER_FLAGS= -O2 -c -mcpu=v10.0 -mlittle-endian -mno-xl-soft-div -mno-xl-soft-mul -mxl-barrel-shift" "EXTRA_COMPILER_FLAGS=-ffunction-sections -fdata-sections -Wall -Wextra"
Compiling spips
Running Make libs in microblaze_0/libsrc/standalone_v6_5/src
make -C microblaze_0/libsrc/standalone_v6_5/src -s libs  "SHELL=/bin/sh" "COMPILER=mb-gcc" "ARCHIVER=mb-ar" "COMPILER_FLAGS= -O2 -c -mcpu=v10.0 -mlittle-endian -mno-xl-soft-div -mno-xl-soft-mul -mxl-barrel-shift" "EXTRA_COMPILER_FLAGS=-ffunction-sections -fdata-sections -Wall -Wextra"
Compiling standalone
Running Make libs in microblaze_0/libsrc/gpiops_v3_3/src
make -C microblaze_0/libsrc/gpiops_v3_3/src -s libs  "SHELL=/bin/sh" "COMPILER=mb-gcc" "ARCHIVER=mb-ar" "COMPILER_FLAGS= -O2 -c -mcpu=v10.0 -mlittle-endian -mno-xl-soft-div -mno-xl-soft-mul -mxl-barrel-shift" "EXTRA_COMPILER_FLAGS=-ffunction-sections -fdata-sections -Wall -Wextra"
Compiling gpiops
Running Make libs in microblaze_0/libsrc/axidma_v9_5/src
make -C microblaze_0/libsrc/axidma_v9_5/src -s libs  "SHELL=/bin/sh" "COMPILER=mb-gcc" "ARCHIVER=mb-ar" "COMPILER_FLAGS= -O2 -c -mcpu=v10.0 -mlittle-endian -mno-xl-soft-div -mno-xl-soft-mul -mxl-barrel-shift" "EXTRA_COMPILER_FLAGS=-ffunction-sections -fdata-sections -Wall -Wextra"
Compiling axidma
Running Make libs in microblaze_0/libsrc/PWM_v1_0/src
make -C microblaze_0/libsrc/PWM_v1_0/src -s libs  "SHELL=/bin/sh" "COMPILER=mb-gcc" "ARCHIVER=mb-ar" "COMPILER_FLAGS= -O2 -c -mcpu=v10.0 -mlittle-endian -mno-xl-soft-div -mno-xl-soft-mul -mxl-barrel-shift" "EXTRA_COMPILER_FLAGS=-ffunction-sections -fdata-sections -Wall -Wextra"
Compiling PWM...
PWM_selftest.c: In function 'PWM_Reg_SelfTest':
PWM_selftest.c:52:52: warning: comparison between signed and unsigned integer expressions [-Wsign-compare]
    if ( PWM_mReadReg (baseaddr, read_loop_index*4) != (read_loop_index+1)*READ_WRITE_MUL_FACTOR){
                                                    ^~
PWM_selftest.c:36:6: warning: unused variable 'Index' [-Wunused-variable]
  int Index;
      ^~~~~
Running Make libs in microblaze_0/libsrc/bram_v4_2/src
make -C microblaze_0/libsrc/bram_v4_2/src -s libs  "SHELL=/bin/sh" "COMPILER=mb-gcc" "ARCHIVER=mb-ar" "COMPILER_FLAGS= -O2 -c -mcpu=v10.0 -mlittle-endian -mno-xl-soft-div -mno-xl-soft-mul -mxl-barrel-shift" "EXTRA_COMPILER_FLAGS=-ffunction-sections -fdata-sections -Wall -Wextra"
Compiling bram
Running Make libs in microblaze_0/libsrc/gpio_v4_3/src
make -C microblaze_0/libsrc/gpio_v4_3/src -s libs  "SHELL=/bin/sh" "COMPILER=mb-gcc" "ARCHIVER=mb-ar" "COMPILER_FLAGS= -O2 -c -mcpu=v10.0 -mlittle-endian -mno-xl-soft-div -mno-xl-soft-mul -mxl-barrel-shift" "EXTRA_COMPILER_FLAGS=-ffunction-sections -fdata-sections -Wall -Wextra"
Compiling gpio
Running Make libs in microblaze_0/libsrc/iicps_v3_5/src
make -C microblaze_0/libsrc/iicps_v3_5/src -s libs  "SHELL=/bin/sh" "COMPILER=mb-gcc" "ARCHIVER=mb-ar" "COMPILER_FLAGS= -O2 -c -mcpu=v10.0 -mlittle-endian -mno-xl-soft-div -mno-xl-soft-mul -mxl-barrel-shift" "EXTRA_COMPILER_FLAGS=-ffunction-sections -fdata-sections -Wall -Wextra"
Compiling iicps
Running Make libs in microblaze_0/libsrc/sdps_v3_3/src
make -C microblaze_0/libsrc/sdps_v3_3/src -s libs  "SHELL=/bin/sh" "COMPILER=mb-gcc" "ARCHIVER=mb-ar" "COMPILER_FLAGS= -O2 -c -mcpu=v10.0 -mlittle-endian -mno-xl-soft-div -mno-xl-soft-mul -mxl-barrel-shift" "EXTRA_COMPILER_FLAGS=-ffunction-sections -fdata-sections -Wall -Wextra"
Compiling sdps
Running Make libs in microblaze_0/libsrc/emacps_v3_6/src
make -C microblaze_0/libsrc/emacps_v3_6/src -s libs  "SHELL=/bin/sh" "COMPILER=mb-gcc" "ARCHIVER=mb-ar" "COMPILER_FLAGS= -O2 -c -mcpu=v10.0 -mlittle-endian -mno-xl-soft-div -mno-xl-soft-mul -mxl-barrel-shift" "EXTRA_COMPILER_FLAGS=-ffunction-sections -fdata-sections -Wall -Wextra"
Compiling emacps
Running Make libs in microblaze_0/libsrc/intc_v3_7/src
make -C microblaze_0/libsrc/intc_v3_7/src -s libs  "SHELL=/bin/sh" "COMPILER=mb-gcc" "ARCHIVER=mb-ar" "COMPILER_FLAGS= -O2 -c -mcpu=v10.0 -mlittle-endian -mno-xl-soft-div -mno-xl-soft-mul -mxl-barrel-shift" "EXTRA_COMPILER_FLAGS=-ffunction-sections -fdata-sections -Wall -Wextra"
Compiling intc
Running Make libs in microblaze_0/libsrc/usbps_v2_4/src
make -C microblaze_0/libsrc/usbps_v2_4/src -s libs  "SHELL=/bin/sh" "COMPILER=mb-gcc" "ARCHIVER=mb-ar" "COMPILER_FLAGS= -O2 -c -mcpu=v10.0 -mlittle-endian -mno-xl-soft-div -mno-xl-soft-mul -mxl-barrel-shift" "EXTRA_COMPILER_FLAGS=-ffunction-sections -fdata-sections -Wall -Wextra"
Compiling usbps
Running Make libs in microblaze_0/libsrc/uartps_v3_5/src
make -C microblaze_0/libsrc/uartps_v3_5/src -s libs  "SHELL=/bin/sh" "COMPILER=mb-gcc" "ARCHIVER=mb-ar" "COMPILER_FLAGS= -O2 -c -mcpu=v10.0 -mlittle-endian -mno-xl-soft-div -mno-xl-soft-mul -mxl-barrel-shift" "EXTRA_COMPILER_FLAGS=-ffunction-sections -fdata-sections -Wall -Wextra"
Compiling uartps
Finished building libraries
13:11:47 **** Auto Build of configuration Debug for project Test_Run ****
make all 
Building file: ../src/AES/aes.c
Invoking: MicroBlaze gcc compiler
mb-gcc -Wall -O0 -g3 -c -fmessage-length=0 -MT"src/AES/aes.o" -I../../Test_Run_bsp/microblaze_0/include -mlittle-endian -mxl-barrel-shift -mno-xl-soft-div -mcpu=v10.0 -mno-xl-soft-mul -Wl,--no-relax -ffunction-sections -fdata-sections -MMD -MP -MF"src/AES/aes.d" -MT"src/AES/aes.o" -o "src/AES/aes.o" "../src/AES/aes.c"
../src/AES/aes.c:147:16: warning: 'getSBoxInvert' defined but not used [-Wunused-function]
 static uint8_t getSBoxInvert(uint8_t num)
                ^~~~~~~~~~~~~
../src/AES/aes.c:140:16: warning: 'getSBoxValue' defined but not used [-Wunused-function]
 static uint8_t getSBoxValue(uint8_t num)
                ^~~~~~~~~~~~
Finished building: ../src/AES/aes.c
 
Building file: ../src/AES/aes_decrypt_driver.c
Invoking: MicroBlaze gcc compiler
mb-gcc -Wall -O0 -g3 -c -fmessage-length=0 -MT"src/AES/aes_decrypt_driver.o" -I../../Test_Run_bsp/microblaze_0/include -mlittle-endian -mxl-barrel-shift -mno-xl-soft-div -mcpu=v10.0 -mno-xl-soft-mul -Wl,--no-relax -ffunction-sections -fdata-sections -MMD -MP -MF"src/AES/aes_decrypt_driver.d" -MT"src/AES/aes_decrypt_driver.o" -o "src/AES/aes_decrypt_driver.o" "../src/AES/aes_decrypt_driver.c"
Finished building: ../src/AES/aes_decrypt_driver.c
 
Building file: ../src/main.c
Invoking: MicroBlaze gcc compiler
mb-gcc -Wall -O0 -g3 -c -fmessage-length=0 -MT"src/main.o" -I../../Test_Run_bsp/microblaze_0/include -mlittle-endian -mxl-barrel-shift -mno-xl-soft-div -mcpu=v10.0 -mno-xl-soft-mul -Wl,--no-relax -ffunction-sections -fdata-sections -MMD -MP -MF"src/main.d" -MT"src/main.o" -o "src/main.o" "../src/main.c"
Finished building: ../src/main.c
 
Building file: ../src/platform.c
Invoking: MicroBlaze gcc compiler
mb-gcc -Wall -O0 -g3 -c -fmessage-length=0 -MT"src/platform.o" -I../../Test_Run_bsp/microblaze_0/include -mlittle-endian -mxl-barrel-shift -mno-xl-soft-div -mcpu=v10.0 -mno-xl-soft-mul -Wl,--no-relax -ffunction-sections -fdata-sections -MMD -MP -MF"src/platform.d" -MT"src/platform.o" -o "src/platform.o" "../src/platform.c"
Finished building: ../src/platform.c
 
Building file: ../src/util.c
Invoking: MicroBlaze gcc compiler
mb-gcc -Wall -O0 -g3 -c -fmessage-length=0 -MT"src/util.o" -I../../Test_Run_bsp/microblaze_0/include -mlittle-endian -mxl-barrel-shift -mno-xl-soft-div -mcpu=v10.0 -mno-xl-soft-mul -Wl,--no-relax -ffunction-sections -fdata-sections -MMD -MP -MF"src/util.d" -MT"src/util.o" -o "src/util.o" "../src/util.c"
Finished building: ../src/util.c
 
Building target: Test_Run.elf
Invoking: MicroBlaze gcc linker
mb-gcc -Wl,-T -Wl,../src/lscript.ld -L../../Test_Run_bsp/microblaze_0/lib -mlittle-endian -mxl-barrel-shift -mno-xl-soft-div -mcpu=v10.0 -mno-xl-soft-mul -Wl,--no-relax -Wl,--gc-sections -o "Test_Run.elf"  ./src/HASH/md5.o ./src/HASH/sha1.o ./src/HASH/sha256.o  ./src/ECC/uECC.o  ./src/AES/aes.o ./src/AES/aes_decrypt_driver.o  ./src/main.o ./src/platform.o ./src/tests_1.o ./src/util.o   -Wl,--start-group,-lxil,-lgcc,-lc,--end-group
Finished building target: Test_Run.elf
 
Invoking: MicroBlaze Print Size
mb-size Test_Run.elf  |tee "Test_Run.elf.size"
   text	   data	    bss	    dec	    hex	filename
  38652	   1464	  21468	  61584	   f090	Test_Run.elf
Finished building: Test_Run.elf.size
 
13:12:01 **** Auto Build of configuration Debug for project Test_Run ****
make all 
Building file: ../src/HASH/sha256.c
Invoking: MicroBlaze gcc compiler
mb-gcc -Wall -O0 -g3 -c -fmessage-length=0 -MT"src/HASH/sha256.o" -I../../Test_Run_bsp/microblaze_0/include -mlittle-endian -mxl-barrel-shift -mno-xl-soft-div -mcpu=v10.0 -mno-xl-soft-mul -Wl,--no-relax -ffunction-sections -fdata-sections -MMD -MP -MF"src/HASH/sha256.d" -MT"src/HASH/sha256.o" -o "src/HASH/sha256.o" "../src/HASH/sha256.c"
../src/HASH/sha256.c:17:20: fatal error: memory.h: No such file or directory
 #include <memory.h>
                    ^
compilation terminated.
make: *** [src/HASH/sha256.o] Error 1
src/HASH/subdir.mk:24: recipe for target 'src/HASH/sha256.o' failed
13:12:10 **** Auto Build of configuration Debug for project Test_Run ****
make all 
Building file: ../src/HASH/sha256.c
Invoking: MicroBlaze gcc compiler
mb-gcc -Wall -O0 -g3 -c -fmessage-length=0 -MT"src/HASH/sha256.o" -I../../Test_Run_bsp/microblaze_0/include -mlittle-endian -mxl-barrel-shift -mno-xl-soft-div -mcpu=v10.0 -mno-xl-soft-mul -Wl,--no-relax -ffunction-sections -fdata-sections -MMD -MP -MF"src/HASH/sha256.d" -MT"src/HASH/sha256.o" -o "src/HASH/sha256.o" "../src/HASH/sha256.c"
In file included from ../src/HASH/sha256.c:18:0:
../src/HASH/sha256.h:17:26: error: unknown type name 'uint8_t'
 void sha256_compute_hash(uint8_t * data, uint32_t datalen, uint8_t init, uint8_t * hash_out);
                          ^~~~~~~
../src/HASH/sha256.h:17:42: error: unknown type name 'uint32_t'
 void sha256_compute_hash(uint8_t * data, uint32_t datalen, uint8_t init, uint8_t * hash_out);
                                          ^~~~~~~~
../src/HASH/sha256.h:17:60: error: unknown type name 'uint8_t'
 void sha256_compute_hash(uint8_t * data, uint32_t datalen, uint8_t init, uint8_t * hash_out);
                                                            ^~~~~~~
../src/HASH/sha256.h:17:74: error: unknown type name 'uint8_t'
 void sha256_compute_hash(uint8_t * data, uint32_t datalen, uint8_t init, uint8_t * hash_out);
                                                                          ^~~~~~~
../src/HASH/sha256.c: In function 'pad':
../src/HASH/sha256.c:55:6: error: 'datalen' undeclared (first use in this function)
  i = datalen;
      ^~~~~~~
../src/HASH/sha256.c:55:6: note: each undeclared identifier is reported only once for each function it appears in
../src/HASH/sha256.c:67:3: warning: implicit declaration of function 'sha256_transform' [-Wimplicit-function-declaration]
   sha256_transform(ctx, ctx->data);
   ^~~~~~~~~~~~~~~~
../src/HASH/sha256.c:67:20: error: 'ctx' undeclared (first use in this function)
   sha256_transform(ctx, ctx->data);
                    ^~~
../src/HASH/sha256.c: In function 'read_digest':
../src/HASH/sha256.c:87:11: error: 'block' undeclared (first use in this function)
src/HASH/subdir.mk:24: recipe for target 'src/HASH/sha256.o' failed
   *(u32*)(block+i) = Xil_In32BE(SHA_BASEADDR + SHA_DIGEST_OFFSET + i);
           ^~~~~
../src/HASH/sha256.c: In function 'digest_block':
../src/HASH/sha256.c:95:2: error: expected ';' before 'if'
  if(init){
  ^~
../src/HASH/sha256.c: In function 'sha256_compute_hash':
../src/HASH/sha256.c:106:24: error: invalid initializer
  uint8_t buffer[512] = 0;
                        ^
../src/HASH/sha256.c:120:1: error: expected ';' before '}' token
 }
 ^
make: *** [src/HASH/sha256.o] Error 1
13:12:52 **** Auto Build of configuration Debug for project Test_Run ****
make all 
Building file: ../src/HASH/sha256.c
Invoking: MicroBlaze gcc compiler
mb-gcc -Wall -O0 -g3 -c -fmessage-length=0 -MT"src/HASH/sha256.o" -I../../Test_Run_bsp/microblaze_0/include -mlittle-endian -mxl-barrel-shift -mno-xl-soft-div -mcpu=v10.0 -mno-xl-soft-mul -Wl,--no-relax -ffunction-sections -fdata-sections -MMD -MP -MF"src/HASH/sha256.d" -MT"src/HASH/sha256.o" -o "src/HASH/sha256.o" "../src/HASH/sha256.c"
In file included from ../src/HASH/sha256.c:18:0:
../src/HASH/sha256.h:17:26: error: unknown type name 'uint8_t'
 void sha256_compute_hash(uint8_t * data, uint32_t datalen, uint8_t init, uint8_t * hash_out);
                          ^~~~~~~
../src/HASH/sha256.h:17:42: error: unknown type name 'uint32_t'
 void sha256_compute_hash(uint8_t * data, uint32_t datalen, uint8_t init, uint8_t * hash_out);
                                          ^~~~~~~~
../src/HASH/sha256.h:17:60: error: unknown type name 'uint8_t'
 void sha256_compute_hash(uint8_t * data, uint32_t datalen, uint8_t init, uint8_t * hash_out);
                                                            ^~~~~~~
../src/HASH/sha256.h:17:74: error: unknown type name 'uint8_t'
 void sha256_compute_hash(uint8_t * data, uint32_t datalen, uint8_t init, uint8_t * hash_out);
                                                                          ^~~~~~~
../src/HASH/sha256.c: In function 'pad':
../src/HASH/sha256.c:55:6: error: 'datalen' undeclared (first use in this function)
  i = datalen;
      ^~~~~~~
../src/HASH/sha256.c:55:6: note: each undeclared identifier is reported only once for each function it appears in
../src/HASH/sha256.c: In function 'read_digest':
../src/HASH/sha256.c:87:11: error: 'block' undeclared (first use in this function)
   *(u32*)(block+i) = Xil_In32BE(SHA_BASEADDR + SHA_DIGEST_OFFSET + i);
           ^~~~~
../src/HASH/sha256.c: In function 'digest_block':
../src/HASH/sha256.c:95:2: error: expected ';' before 'if'
  if(init){
  ^~
../src/HASH/sha256.c: In function 'sha256_compute_hash':
../src/HASH/sha256.c:106:24: error: invalid initializer
  uint8_t buffer[512] = 0;
                        ^
../src/HASH/sha256.c:120:1: error: expected ';' before '}' token
src/HASH/subdir.mk:24: recipe for target 'src/HASH/sha256.o' failed
 }
 ^
make: *** [src/HASH/sha256.o] Error 1
13:13:02 **** Auto Build of configuration Debug for project Test_Run ****
make all 
Building file: ../src/HASH/sha256.c
Invoking: MicroBlaze gcc compiler
mb-gcc -Wall -O0 -g3 -c -fmessage-length=0 -MT"src/HASH/sha256.o" -I../../Test_Run_bsp/microblaze_0/include -mlittle-endian -mxl-barrel-shift -mno-xl-soft-div -mcpu=v10.0 -mno-xl-soft-mul -Wl,--no-relax -ffunction-sections -fdata-sections -MMD -MP -MF"src/HASH/sha256.d" -MT"src/HASH/sha256.o" -o "src/HASH/sha256.o" "../src/HASH/sha256.c"
In file included from ../src/HASH/sha256.c:18:0:
../src/HASH/sha256.h:17:26: error: unknown type name 'uint8_t'
 void sha256_compute_hash(uint8_t * data, uint32_t datalen, uint8_t init, uint8_t * hash_out);
                          ^~~~~~~
../src/HASH/sha256.h:17:42: error: unknown type name 'uint32_t'
 void sha256_compute_hash(uint8_t * data, uint32_t datalen, uint8_t init, uint8_t * hash_out);
                                          ^~~~~~~~
../src/HASH/sha256.h:17:60: error: unknown type name 'uint8_t'
 void sha256_compute_hash(uint8_t * data, uint32_t datalen, uint8_t init, uint8_t * hash_out);
                                                            ^~~~~~~
../src/HASH/sha256.h:17:74: error: unknown type name 'uint8_t'
 void sha256_compute_hash(uint8_t * data, uint32_t datalen, uint8_t init, uint8_t * hash_out);
                                                                          ^~~~~~~
../src/HASH/sha256.c: In function 'read_digest':
../src/HASH/sha256.c:87:11: error: 'block' undeclared (first use in this function)
   *(u32*)(block+i) = Xil_In32BE(SHA_BASEADDR + SHA_DIGEST_OFFSET + i);
           ^~~~~
../src/HASH/sha256.c:87:11: note: each undeclared identifier is reported only once for each function it appears in
../src/HASH/sha256.c: In function 'digest_block':
../src/HASH/sha256.c:95:2: error: expected ';' before 'if'
  if(init){
  ^~
../src/HASH/sha256.c: In function 'sha256_compute_hash':
../src/HASH/sha256.c:106:24: error: invalid initializer
  uint8_t buffer[512] = 0;
                        ^
../src/HASH/sha256.c:120:1: error: expected ';' before '}' token
 }
 ^
src/HASH/subdir.mk:24: recipe for target 'src/HASH/sha256.o' failed
make: *** [src/HASH/sha256.o] Error 1
13:13:23 **** Auto Build of configuration Debug for project Test_Run ****
make all 
Building file: ../src/HASH/sha256.c
Invoking: MicroBlaze gcc compiler
mb-gcc -Wall -O0 -g3 -c -fmessage-length=0 -MT"src/HASH/sha256.o" -I../../Test_Run_bsp/microblaze_0/include -mlittle-endian -mxl-barrel-shift -mno-xl-soft-div -mcpu=v10.0 -mno-xl-soft-mul -Wl,--no-relax -ffunction-sections -fdata-sections -MMD -MP -MF"src/HASH/sha256.d" -MT"src/HASH/sha256.o" -o "src/HASH/sha256.o" "../src/HASH/sha256.c"
In file included from ../src/HASH/sha256.c:18:0:
../src/HASH/sha256.h:17:26: error: unknown type name 'uint8_t'
 void sha256_compute_hash(uint8_t * data, uint32_t datalen, uint8_t init, uint8_t * hash_out);
                          ^~~~~~~
../src/HASH/sha256.h:17:42: error: unknown type name 'uint32_t'
 void sha256_compute_hash(uint8_t * data, uint32_t datalen, uint8_t init, uint8_t * hash_out);
                                          ^~~~~~~~
../src/HASH/sha256.h:17:60: error: unknown type name 'uint8_t'
 void sha256_compute_hash(uint8_t * data, uint32_t datalen, uint8_t init, uint8_t * hash_out);
                                                            ^~~~~~~
../src/HASH/sha256.h:17:74: error: unknown type name 'uint8_t'
 void sha256_compute_hash(uint8_t * data, uint32_t datalen, uint8_t init, uint8_t * hash_out);
                                                                          ^~~~~~~
../src/HASH/sha256.c: In function 'digest_block':
../src/HASH/sha256.c:95:2: error: expected ';' before 'if'
  if(init){
  ^~
../src/HASH/sha256.c: In function 'sha256_compute_hash':
../src/HASH/sha256.c:106:24: error: invalid initializer
  uint8_t buffer[512] = 0;
                        ^
../src/HASH/sha256.c:120:1: error: expected ';' before '}' token
 }
 ^
src/HASH/subdir.mk:24: recipe for target 'src/HASH/sha256.o' failed
make: *** [src/HASH/sha256.o] Error 1
13:13:33 **** Auto Build of configuration Debug for project Test_Run ****
make all 
Building file: ../src/HASH/sha256.c
Invoking: MicroBlaze gcc compiler
mb-gcc -Wall -O0 -g3 -c -fmessage-length=0 -MT"src/HASH/sha256.o" -I../../Test_Run_bsp/microblaze_0/include -mlittle-endian -mxl-barrel-shift -mno-xl-soft-div -mcpu=v10.0 -mno-xl-soft-mul -Wl,--no-relax -ffunction-sections -fdata-sections -MMD -MP -MF"src/HASH/sha256.d" -MT"src/HASH/sha256.o" -o "src/HASH/sha256.o" "../src/HASH/sha256.c"
In file included from ../src/HASH/sha256.c:18:0:
../src/HASH/sha256.h:17:26: error: unknown type name 'uint8_t'
 void sha256_compute_hash(uint8_t * data, uint32_t datalen, uint8_t init, uint8_t * hash_out);
                          ^~~~~~~
../src/HASH/sha256.h:17:42: error: unknown type name 'uint32_t'
 void sha256_compute_hash(uint8_t * data, uint32_t datalen, uint8_t init, uint8_t * hash_out);
                                          ^~~~~~~~
../src/HASH/sha256.h:17:60: error: unknown type name 'uint8_t'
 void sha256_compute_hash(uint8_t * data, uint32_t datalen, uint8_t init, uint8_t * hash_out);
                                                            ^~~~~~~
../src/HASH/sha256.h:17:74: error: unknown type name 'uint8_t'
 void sha256_compute_hash(uint8_t * data, uint32_t datalen, uint8_t init, uint8_t * hash_out);
                                                                          ^~~~~~~
../src/HASH/sha256.c: In function 'sha256_compute_hash':
../src/HASH/sha256.c:106:24: error: invalid initializer
  uint8_t buffer[512] = 0;
                        ^
../src/HASH/sha256.c:120:1: error: expected ';' before '}' token
 }
 ^
src/HASH/subdir.mk:24: recipe for target 'src/HASH/sha256.o' failed
make: *** [src/HASH/sha256.o] Error 1
13:13:52 **** Auto Build of configuration Debug for project Test_Run ****
make all 
Building file: ../src/HASH/sha256.c
Invoking: MicroBlaze gcc compiler
mb-gcc -Wall -O0 -g3 -c -fmessage-length=0 -MT"src/HASH/sha256.o" -I../../Test_Run_bsp/microblaze_0/include -mlittle-endian -mxl-barrel-shift -mno-xl-soft-div -mcpu=v10.0 -mno-xl-soft-mul -Wl,--no-relax -ffunction-sections -fdata-sections -MMD -MP -MF"src/HASH/sha256.d" -MT"src/HASH/sha256.o" -o "src/HASH/sha256.o" "../src/HASH/sha256.c"
In file included from ../src/HASH/sha256.c:18:0:
../src/HASH/sha256.h:17:26: error: unknown type name 'uint8_t'
 void sha256_compute_hash(uint8_t * data, uint32_t datalen, uint8_t init, uint8_t * hash_out);
                          ^~~~~~~
../src/HASH/sha256.h:17:42: error: unknown type name 'uint32_t'
 void sha256_compute_hash(uint8_t * data, uint32_t datalen, uint8_t init, uint8_t * hash_out);
                                          ^~~~~~~~
../src/HASH/sha256.h:17:60: error: unknown type name 'uint8_t'
 void sha256_compute_hash(uint8_t * data, uint32_t datalen, uint8_t init, uint8_t * hash_out);
                                                            ^~~~~~~
../src/HASH/sha256.h:17:74: error: unknown type name 'uint8_t'
 void sha256_compute_hash(uint8_t * data, uint32_t datalen, uint8_t init, uint8_t * hash_out);
                                                                          ^~~~~~~
../src/HASH/sha256.c: In function 'sha256_compute_hash':
../src/HASH/sha256.c:107:24: error: invalid initializer
  uint8_t buffer[512] = 0;
                        ^
../src/HASH/sha256.c:121:1: error: expected ';' before '}' token
 }
 ^
src/HASH/subdir.mk:24: recipe for target 'src/HASH/sha256.o' failed
make: *** [src/HASH/sha256.o] Error 1
13:14:47 **** Auto Build of configuration Debug for project Test_Run ****
make all 
Building file: ../src/HASH/sha256.c
Invoking: MicroBlaze gcc compiler
mb-gcc -Wall -O0 -g3 -c -fmessage-length=0 -MT"src/HASH/sha256.o" -I../../Test_Run_bsp/microblaze_0/include -mlittle-endian -mxl-barrel-shift -mno-xl-soft-div -mcpu=v10.0 -mno-xl-soft-mul -Wl,--no-relax -ffunction-sections -fdata-sections -MMD -MP -MF"src/HASH/sha256.d" -MT"src/HASH/sha256.o" -o "src/HASH/sha256.o" "../src/HASH/sha256.c"
In file included from ../src/HASH/sha256.c:18:0:
../src/HASH/sha256.h:17:26: error: unknown type name 'uint8_t'
 void sha256_compute_hash(uint8_t * data, uint32_t datalen, uint8_t init, uint8_t * hash_out);
                          ^~~~~~~
../src/HASH/sha256.h:17:42: error: unknown type name 'uint32_t'
 void sha256_compute_hash(uint8_t * data, uint32_t datalen, uint8_t init, uint8_t * hash_out);
                                          ^~~~~~~~
../src/HASH/sha256.h:17:60: error: unknown type name 'uint8_t'
 void sha256_compute_hash(uint8_t * data, uint32_t datalen, uint8_t init, uint8_t * hash_out);
                                                            ^~~~~~~
../src/HASH/sha256.h:17:74: error: unknown type name 'uint8_t'
 void sha256_compute_hash(uint8_t * data, uint32_t datalen, uint8_t init, uint8_t * hash_out);
                                                                          ^~~~~~~
../src/HASH/sha256.c: In function 'sha256_compute_hash':
../src/HASH/sha256.c:115:24: error: invalid initializer
  uint8_t buffer[512] = 0;
                        ^
../src/HASH/sha256.c:129:1: error: expected ';' before '}' token
 }
 ^
../src/HASH/sha256.c: In function 'sha256_digest_complete':
../src/HASH/sha256.c:54:1: warning: control reaches end of non-void function [-Wreturn-type]
 }
 ^
../src/HASH/sha256.c: In function 'sha256_ready':
../src/HASH/sha256.c:58:1: warning: control reaches end of non-void function [-Wreturn-type]
 }
 ^
src/HASH/subdir.mk:24: recipe for target 'src/HASH/sha256.o' failed
make: *** [src/HASH/sha256.o] Error 1
13:15:45 **** Auto Build of configuration Debug for project Test_Run ****
make all 
Building file: ../src/HASH/sha256.c
Invoking: MicroBlaze gcc compiler
mb-gcc -Wall -O0 -g3 -c -fmessage-length=0 -MT"src/HASH/sha256.o" -I../../Test_Run_bsp/microblaze_0/include -mlittle-endian -mxl-barrel-shift -mno-xl-soft-div -mcpu=v10.0 -mno-xl-soft-mul -Wl,--no-relax -ffunction-sections -fdata-sections -MMD -MP -MF"src/HASH/sha256.d" -MT"src/HASH/sha256.o" -o "src/HASH/sha256.o" "../src/HASH/sha256.c"
In file included from ../src/HASH/sha256.c:18:0:
../src/HASH/sha256.h:17:26: error: unknown type name 'uint8_t'
 void sha256_compute_hash(uint8_t * data, uint32_t datalen, uint8_t init, uint8_t * hash_out);
                          ^~~~~~~
../src/HASH/sha256.h:17:42: error: unknown type name 'uint32_t'
 void sha256_compute_hash(uint8_t * data, uint32_t datalen, uint8_t init, uint8_t * hash_out);
                                          ^~~~~~~~
../src/HASH/sha256.h:17:60: error: unknown type name 'uint8_t'
 void sha256_compute_hash(uint8_t * data, uint32_t datalen, uint8_t init, uint8_t * hash_out);
                                                            ^~~~~~~
../src/HASH/sha256.h:17:74: error: unknown type name 'uint8_t'
 void sha256_compute_hash(uint8_t * data, uint32_t datalen, uint8_t init, uint8_t * hash_out);
                                                                          ^~~~~~~
../src/HASH/sha256.c: In function 'sha256_compute_hash':
../src/HASH/sha256.c:116:24: error: invalid initializer
  uint8_t buffer[512] = 0;
                        ^
../src/HASH/sha256.c:130:1: error: expected ';' before '}' token
 }
 ^
../src/HASH/sha256.c: In function 'sha256_digest_complete':
../src/HASH/sha256.c:55:1: warning: control reaches end of non-void function [-Wreturn-type]
 }
 ^
../src/HASH/sha256.c: In function 'sha256_ready':
../src/HASH/sha256.c:59:1: warning: control reaches end of non-void function [-Wreturn-type]
 }
 ^
make: *** [src/HASH/sha256.o] Error 1
src/HASH/subdir.mk:24: recipe for target 'src/HASH/sha256.o' failed
13:16:53 **** Auto Build of configuration Debug for project Test_Run ****
make all 
Building file: ../src/HASH/sha256.c
Invoking: MicroBlaze gcc compiler
mb-gcc -Wall -O0 -g3 -c -fmessage-length=0 -MT"src/HASH/sha256.o" -I../../Test_Run_bsp/microblaze_0/include -mlittle-endian -mxl-barrel-shift -mno-xl-soft-div -mcpu=v10.0 -mno-xl-soft-mul -Wl,--no-relax -ffunction-sections -fdata-sections -MMD -MP -MF"src/HASH/sha256.d" -MT"src/HASH/sha256.o" -o "src/HASH/sha256.o" "../src/HASH/sha256.c"
In file included from ../src/HASH/sha256.c:18:0:
../src/HASH/sha256.h:17:26: error: unknown type name 'uint8_t'
 void sha256_compute_hash(uint8_t * data, uint32_t datalen, uint8_t init, uint8_t * hash_out);
                          ^~~~~~~
../src/HASH/sha256.h:17:42: error: unknown type name 'uint32_t'
 void sha256_compute_hash(uint8_t * data, uint32_t datalen, uint8_t init, uint8_t * hash_out);
                                          ^~~~~~~~
../src/HASH/sha256.h:17:60: error: unknown type name 'uint8_t'
 void sha256_compute_hash(uint8_t * data, uint32_t datalen, uint8_t init, uint8_t * hash_out);
                                                            ^~~~~~~
../src/HASH/sha256.h:17:74: error: unknown type name 'uint8_t'
 void sha256_compute_hash(uint8_t * data, uint32_t datalen, uint8_t init, uint8_t * hash_out);
                                                                          ^~~~~~~
../src/HASH/sha256.c: In function 'sha256_compute_hash':
../src/HASH/sha256.c:116:24: error: invalid initializer
  uint8_t buffer[512] = 0;
                        ^
../src/HASH/sha256.c:130:1: error: expected ';' before '}' token
 }
 ^
../src/HASH/sha256.c: In function 'sha256_ready':
../src/HASH/sha256.c:59:1: warning: control reaches end of non-void function [-Wreturn-type]
 }
 ^
make: *** [src/HASH/sha256.o] Error 1
src/HASH/subdir.mk:24: recipe for target 'src/HASH/sha256.o' failed
13:17:53 **** Auto Build of configuration Debug for project Test_Run ****
make all 
Building file: ../src/HASH/sha256.c
Invoking: MicroBlaze gcc compiler
mb-gcc -Wall -O0 -g3 -c -fmessage-length=0 -MT"src/HASH/sha256.o" -I../../Test_Run_bsp/microblaze_0/include -mlittle-endian -mxl-barrel-shift -mno-xl-soft-div -mcpu=v10.0 -mno-xl-soft-mul -Wl,--no-relax -ffunction-sections -fdata-sections -MMD -MP -MF"src/HASH/sha256.d" -MT"src/HASH/sha256.o" -o "src/HASH/sha256.o" "../src/HASH/sha256.c"
In file included from ../src/HASH/sha256.c:18:0:
../src/HASH/sha256.h:17:26: error: unknown type name 'uint8_t'
 void sha256_compute_hash(uint8_t * data, uint32_t datalen, uint8_t init, uint8_t * hash_out);
                          ^~~~~~~
../src/HASH/sha256.h:17:42: error: unknown type name 'uint32_t'
 void sha256_compute_hash(uint8_t * data, uint32_t datalen, uint8_t init, uint8_t * hash_out);
                                          ^~~~~~~~
../src/HASH/sha256.h:17:60: error: unknown type name 'uint8_t'
 void sha256_compute_hash(uint8_t * data, uint32_t datalen, uint8_t init, uint8_t * hash_out);
                                                            ^~~~~~~
../src/HASH/sha256.h:17:74: error: unknown type name 'uint8_t'
 void sha256_compute_hash(uint8_t * data, uint32_t datalen, uint8_t init, uint8_t * hash_out);
                                                                          ^~~~~~~
../src/HASH/sha256.c: In function 'sha256_compute_hash':
../src/HASH/sha256.c:116:24: error: invalid initializer
  uint8_t buffer[512] = 0;
                        ^
../src/HASH/sha256.c:130:1: error: expected ';' before '}' token
 }
 ^
src/HASH/subdir.mk:24: recipe for target 'src/HASH/sha256.o' failed
make: *** [src/HASH/sha256.o] Error 1
13:20:07 **** Auto Build of configuration Debug for project Test_Run ****
make all 
Building file: ../src/HASH/sha256.c
Invoking: MicroBlaze gcc compiler
mb-gcc -Wall -O0 -g3 -c -fmessage-length=0 -MT"src/HASH/sha256.o" -I../../Test_Run_bsp/microblaze_0/include -mlittle-endian -mxl-barrel-shift -mno-xl-soft-div -mcpu=v10.0 -mno-xl-soft-mul -Wl,--no-relax -ffunction-sections -fdata-sections -MMD -MP -MF"src/HASH/sha256.d" -MT"src/HASH/sha256.o" -o "src/HASH/sha256.o" "../src/HASH/sha256.c"
In file included from ../src/HASH/sha256.c:18:0:
../src/HASH/sha256.h:17:26: error: unknown type name 'uint8_t'
 void sha256_compute_hash(uint8_t * data, uint32_t datalen, uint8_t init, uint8_t * hash_out);
                          ^~~~~~~
../src/HASH/sha256.h:17:42: error: unknown type name 'uint32_t'
 void sha256_compute_hash(uint8_t * data, uint32_t datalen, uint8_t init, uint8_t * hash_out);
                                          ^~~~~~~~
../src/HASH/sha256.h:17:60: error: unknown type name 'uint8_t'
 void sha256_compute_hash(uint8_t * data, uint32_t datalen, uint8_t init, uint8_t * hash_out);
                                                            ^~~~~~~
../src/HASH/sha256.h:17:74: error: unknown type name 'uint8_t'
 void sha256_compute_hash(uint8_t * data, uint32_t datalen, uint8_t init, uint8_t * hash_out);
                                                                          ^~~~~~~
../src/HASH/sha256.c: In function 'sha256_compute_hash':
../src/HASH/sha256.c:119:24: error: invalid initializer
  uint8_t buffer[512] = 0;
                        ^
../src/HASH/sha256.c:133:1: error: expected ';' before '}' token
 }
 ^
src/HASH/subdir.mk:24: recipe for target 'src/HASH/sha256.o' failed
make: *** [src/HASH/sha256.o] Error 1
13:20:14 **** Auto Build of configuration Debug for project Test_Run ****
make all 
Building file: ../src/HASH/sha256.c
Invoking: MicroBlaze gcc compiler
mb-gcc -Wall -O0 -g3 -c -fmessage-length=0 -MT"src/HASH/sha256.o" -I../../Test_Run_bsp/microblaze_0/include -mlittle-endian -mxl-barrel-shift -mno-xl-soft-div -mcpu=v10.0 -mno-xl-soft-mul -Wl,--no-relax -ffunction-sections -fdata-sections -MMD -MP -MF"src/HASH/sha256.d" -MT"src/HASH/sha256.o" -o "src/HASH/sha256.o" "../src/HASH/sha256.c"
In file included from ../src/HASH/sha256.c:18:0:
../src/HASH/sha256.h:17:26: error: unknown type name 'uint8_t'
 void sha256_compute_hash(uint8_t * data, uint32_t datalen, uint8_t init, uint8_t * hash_out);
                          ^~~~~~~
../src/HASH/sha256.h:17:42: error: unknown type name 'uint32_t'
 void sha256_compute_hash(uint8_t * data, uint32_t datalen, uint8_t init, uint8_t * hash_out);
                                          ^~~~~~~~
../src/HASH/sha256.h:17:60: error: unknown type name 'uint8_t'
 void sha256_compute_hash(uint8_t * data, uint32_t datalen, uint8_t init, uint8_t * hash_out);
                                                            ^~~~~~~
../src/HASH/sha256.h:17:74: error: unknown type name 'uint8_t'
 void sha256_compute_hash(uint8_t * data, uint32_t datalen, uint8_t init, uint8_t * hash_out);
                                                                          ^~~~~~~
../src/HASH/sha256.c: In function 'sha256_compute_hash':
../src/HASH/sha256.c:133:1: error: expected ';' before '}' token
 }
 ^
src/HASH/subdir.mk:24: recipe for target 'src/HASH/sha256.o' failed
make: *** [src/HASH/sha256.o] Error 1
13:20:18 **** Auto Build of configuration Debug for project Test_Run ****
make all 
Building file: ../src/HASH/sha256.c
Invoking: MicroBlaze gcc compiler
mb-gcc -Wall -O0 -g3 -c -fmessage-length=0 -MT"src/HASH/sha256.o" -I../../Test_Run_bsp/microblaze_0/include -mlittle-endian -mxl-barrel-shift -mno-xl-soft-div -mcpu=v10.0 -mno-xl-soft-mul -Wl,--no-relax -ffunction-sections -fdata-sections -MMD -MP -MF"src/HASH/sha256.d" -MT"src/HASH/sha256.o" -o "src/HASH/sha256.o" "../src/HASH/sha256.c"
In file included from ../src/HASH/sha256.c:18:0:
../src/HASH/sha256.h:17:26: error: unknown type name 'uint8_t'
 void sha256_compute_hash(uint8_t * data, uint32_t datalen, uint8_t init, uint8_t * hash_out);
                          ^~~~~~~
../src/HASH/sha256.h:17:42: error: unknown type name 'uint32_t'
 void sha256_compute_hash(uint8_t * data, uint32_t datalen, uint8_t init, uint8_t * hash_out);
                                          ^~~~~~~~
../src/HASH/sha256.h:17:60: error: unknown type name 'uint8_t'
 void sha256_compute_hash(uint8_t * data, uint32_t datalen, uint8_t init, uint8_t * hash_out);
                                                            ^~~~~~~
../src/HASH/sha256.h:17:74: error: unknown type name 'uint8_t'
 void sha256_compute_hash(uint8_t * data, uint32_t datalen, uint8_t init, uint8_t * hash_out);
                                                                          ^~~~~~~
src/HASH/subdir.mk:24: recipe for target 'src/HASH/sha256.o' failed
make: *** [src/HASH/sha256.o] Error 1
13:20:45 **** Auto Build of configuration Debug for project Test_Run ****
make all 
Building file: ../src/HASH/sha256.c
Invoking: MicroBlaze gcc compiler
mb-gcc -Wall -O0 -g3 -c -fmessage-length=0 -MT"src/HASH/sha256.o" -I../../Test_Run_bsp/microblaze_0/include -mlittle-endian -mxl-barrel-shift -mno-xl-soft-div -mcpu=v10.0 -mno-xl-soft-mul -Wl,--no-relax -ffunction-sections -fdata-sections -MMD -MP -MF"src/HASH/sha256.d" -MT"src/HASH/sha256.o" -o "src/HASH/sha256.o" "../src/HASH/sha256.c"
In file included from ../src/HASH/sha256.c:18:0:
../src/HASH/sha256.h:17:26: error: unknown type name 'uint8_t'
 void sha256_compute_hash(uint8_t * data, uint32_t datalen, uint8_t init, uint8_t * hash_out);
                          ^~~~~~~
../src/HASH/sha256.h:17:42: error: unknown type name 'uint32_t'
 void sha256_compute_hash(uint8_t * data, uint32_t datalen, uint8_t init, uint8_t * hash_out);
                                          ^~~~~~~~
../src/HASH/sha256.h:17:60: error: unknown type name 'uint8_t'
 void sha256_compute_hash(uint8_t * data, uint32_t datalen, uint8_t init, uint8_t * hash_out);
                                                            ^~~~~~~
../src/HASH/sha256.h:17:74: error: unknown type name 'uint8_t'
 void sha256_compute_hash(uint8_t * data, uint32_t datalen, uint8_t init, uint8_t * hash_out);
                                                                          ^~~~~~~
make: *** [src/HASH/sha256.o] Error 1
src/HASH/subdir.mk:24: recipe for target 'src/HASH/sha256.o' failed
13:21:08 **** Auto Build of configuration Debug for project Test_Run ****
make all 
Building file: ../src/HASH/sha256.c
Invoking: MicroBlaze gcc compiler
mb-gcc -Wall -O0 -g3 -c -fmessage-length=0 -MT"src/HASH/sha256.o" -I../../Test_Run_bsp/microblaze_0/include -mlittle-endian -mxl-barrel-shift -mno-xl-soft-div -mcpu=v10.0 -mno-xl-soft-mul -Wl,--no-relax -ffunction-sections -fdata-sections -MMD -MP -MF"src/HASH/sha256.d" -MT"src/HASH/sha256.o" -o "src/HASH/sha256.o" "../src/HASH/sha256.c"
In file included from ../src/HASH/sha256.c:18:0:
../src/HASH/sha256.h:17:26: error: unknown type name 'uint8_t'
 void sha256_compute_hash(uint8_t * data, uint32_t datalen, uint8_t init, uint8_t * hash_out);
                          ^~~~~~~
../src/HASH/sha256.h:17:42: error: unknown type name 'uint32_t'
 void sha256_compute_hash(uint8_t * data, uint32_t datalen, uint8_t init, uint8_t * hash_out);
                                          ^~~~~~~~
../src/HASH/sha256.h:17:60: error: unknown type name 'uint8_t'
 void sha256_compute_hash(uint8_t * data, uint32_t datalen, uint8_t init, uint8_t * hash_out);
                                                            ^~~~~~~
../src/HASH/sha256.h:17:74: error: unknown type name 'uint8_t'
 void sha256_compute_hash(uint8_t * data, uint32_t datalen, uint8_t init, uint8_t * hash_out);
                                                                          ^~~~~~~
src/HASH/subdir.mk:24: recipe for target 'src/HASH/sha256.o' failed
make: *** [src/HASH/sha256.o] Error 1
13:21:23 **** Auto Build of configuration Debug for project Test_Run ****
make all 
Building file: ../src/HASH/sha256.c
Invoking: MicroBlaze gcc compiler
mb-gcc -Wall -O0 -g3 -c -fmessage-length=0 -MT"src/HASH/sha256.o" -I../../Test_Run_bsp/microblaze_0/include -mlittle-endian -mxl-barrel-shift -mno-xl-soft-div -mcpu=v10.0 -mno-xl-soft-mul -Wl,--no-relax -ffunction-sections -fdata-sections -MMD -MP -MF"src/HASH/sha256.d" -MT"src/HASH/sha256.o" -o "src/HASH/sha256.o" "../src/HASH/sha256.c"
Finished building: ../src/HASH/sha256.c
 
Building file: ../src/main.c
Invoking: MicroBlaze gcc compiler
mb-gcc -Wall -O0 -g3 -c -fmessage-length=0 -MT"src/main.o" -I../../Test_Run_bsp/microblaze_0/include -mlittle-endian -mxl-barrel-shift -mno-xl-soft-div -mcpu=v10.0 -mno-xl-soft-mul -Wl,--no-relax -ffunction-sections -fdata-sections -MMD -MP -MF"src/main.d" -MT"src/main.o" -o "src/main.o" "../src/main.c"
../src/main.c: In function 'play_song':
../src/main.c:418:5: error: unknown type name 'BYTE'
     BYTE buf[SHA256_BLOCK_SIZE];
     ^~~~
../src/main.c:418:14: error: 'SHA256_BLOCK_SIZE' undeclared (first use in this function)
     BYTE buf[SHA256_BLOCK_SIZE];
              ^~~~~~~~~~~~~~~~~
../src/main.c:418:14: note: each undeclared identifier is reported only once for each function it appears in
../src/main.c:503:3: error: unknown type name 'SHA256_CTX'
   SHA256_CTX sha_ctx;
   ^~~~~~~~~~
../src/main.c:505:3: warning: implicit declaration of function 'sha256_init' [-Wimplicit-function-declaration]
   sha256_init(&sha_ctx);
   ^~~~~~~~~~~
../src/main.c:506:3: warning: implicit declaration of function 'sha256_update' [-Wimplicit-function-declaration]
   sha256_update(&sha_ctx, universal_buffer, cp_num);
   ^~~~~~~~~~~~~
../src/main.c:507:3: warning: implicit declaration of function 'sha256_final' [-Wimplicit-function-declaration]
   sha256_final(&sha_ctx, buf);
   ^~~~~~~~~~~~
../src/main.c:418:10: warning: unused variable 'buf' [-Wunused-variable]
     BYTE buf[SHA256_BLOCK_SIZE];
          ^~~
make: *** [src/main.o] Error 1
src/subdir.mk:30: recipe for target 'src/main.o' failed
13:21:38 **** Auto Build of configuration Debug for project Test_Run ****
make all 
Building file: ../src/HASH/sha256.c
Invoking: MicroBlaze gcc compiler
mb-gcc -Wall -O0 -g3 -c -fmessage-length=0 -MT"src/HASH/sha256.o" -I../../Test_Run_bsp/microblaze_0/include -mlittle-endian -mxl-barrel-shift -mno-xl-soft-div -mcpu=v10.0 -mno-xl-soft-mul -Wl,--no-relax -ffunction-sections -fdata-sections -MMD -MP -MF"src/HASH/sha256.d" -MT"src/HASH/sha256.o" -o "src/HASH/sha256.o" "../src/HASH/sha256.c"
Finished building: ../src/HASH/sha256.c
 
Building file: ../src/main.c
Invoking: MicroBlaze gcc compiler
mb-gcc -Wall -O0 -g3 -c -fmessage-length=0 -MT"src/main.o" -I../../Test_Run_bsp/microblaze_0/include -mlittle-endian -mxl-barrel-shift -mno-xl-soft-div -mcpu=v10.0 -mno-xl-soft-mul -Wl,--no-relax -ffunction-sections -fdata-sections -MMD -MP -MF"src/main.d" -MT"src/main.o" -o "src/main.o" "../src/main.c"
../src/main.c: In function 'play_song':
../src/main.c:418:5: error: unknown type name 'BYTE'
     BYTE buf[SHA256_BLOCK_SIZE];
     ^~~~
../src/main.c:418:14: error: 'SHA256_BLOCK_SIZE' undeclared (first use in this function)
     BYTE buf[SHA256_BLOCK_SIZE];
              ^~~~~~~~~~~~~~~~~
../src/main.c:418:14: note: each undeclared identifier is reported only once for each function it appears in
../src/main.c:503:3: error: unknown type name 'SHA256_CTX'
   SHA256_CTX sha_ctx;
   ^~~~~~~~~~
../src/main.c:505:3: warning: implicit declaration of function 'sha256_init' [-Wimplicit-function-declaration]
   sha256_init(&sha_ctx);
   ^~~~~~~~~~~
../src/main.c:506:3: warning: implicit declaration of function 'sha256_update' [-Wimplicit-function-declaration]
   sha256_update(&sha_ctx, universal_buffer, cp_num);
   ^~~~~~~~~~~~~
../src/main.c:507:3: warning: implicit declaration of function 'sha256_final' [-Wimplicit-function-declaration]
   sha256_final(&sha_ctx, buf);
   ^~~~~~~~~~~~
../src/main.c:418:10: warning: unused variable 'buf' [-Wunused-variable]
     BYTE buf[SHA256_BLOCK_SIZE];
          ^~~
src/subdir.mk:30: recipe for target 'src/main.o' failed
make: *** [src/main.o] Error 1
13:22:30 **** Auto Build of configuration Debug for project Test_Run ****
make all 
Building file: ../src/main.c
Invoking: MicroBlaze gcc compiler
mb-gcc -Wall -O0 -g3 -c -fmessage-length=0 -MT"src/main.o" -I../../Test_Run_bsp/microblaze_0/include -mlittle-endian -mxl-barrel-shift -mno-xl-soft-div -mcpu=v10.0 -mno-xl-soft-mul -Wl,--no-relax -ffunction-sections -fdata-sections -MMD -MP -MF"src/main.d" -MT"src/main.o" -o "src/main.o" "../src/main.c"
../src/main.c: In function 'play_song':
../src/main.c:505:6: error: 'buf' undeclared (first use in this function)
   if(buf[0] > 5){
      ^~~
../src/main.c:505:6: note: each undeclared identifier is reported only once for each function it appears in
src/subdir.mk:30: recipe for target 'src/main.o' failed
make: *** [src/main.o] Error 1
13:22:39 **** Auto Build of configuration Debug for project Test_Run ****
make all 
Building file: ../src/main.c
Invoking: MicroBlaze gcc compiler
mb-gcc -Wall -O0 -g3 -c -fmessage-length=0 -MT"src/main.o" -I../../Test_Run_bsp/microblaze_0/include -mlittle-endian -mxl-barrel-shift -mno-xl-soft-div -mcpu=v10.0 -mno-xl-soft-mul -Wl,--no-relax -ffunction-sections -fdata-sections -MMD -MP -MF"src/main.d" -MT"src/main.o" -o "src/main.o" "../src/main.c"
Finished building: ../src/main.c
 
Building target: Test_Run.elf
Invoking: MicroBlaze gcc linker
mb-gcc -Wl,-T -Wl,../src/lscript.ld -L../../Test_Run_bsp/microblaze_0/lib -mlittle-endian -mxl-barrel-shift -mno-xl-soft-div -mcpu=v10.0 -mno-xl-soft-mul -Wl,--no-relax -Wl,--gc-sections -o "Test_Run.elf"  ./src/HASH/md5.o ./src/HASH/sha1.o ./src/HASH/sha256.o  ./src/ECC/uECC.o  ./src/AES/aes.o ./src/AES/aes_decrypt_driver.o  ./src/main.o ./src/platform.o ./src/tests_1.o ./src/util.o   -Wl,--start-group,-lxil,-lgcc,-lc,--end-group
Finished building target: Test_Run.elf
 
Invoking: MicroBlaze Print Size
mb-size Test_Run.elf  |tee "Test_Run.elf.size"
   text	   data	    bss	    dec	    hex	filename
  35352	   1464	  21464	  58280	   e3a8	Test_Run.elf
Finished building: Test_Run.elf.size
 
13:22:56 **** Auto Build of configuration Debug for project Test_Run ****
make all 
Building file: ../src/HASH/sha256.c
Invoking: MicroBlaze gcc compiler
mb-gcc -Wall -O0 -g3 -c -fmessage-length=0 -MT"src/HASH/sha256.o" -I../../Test_Run_bsp/microblaze_0/include -mlittle-endian -mxl-barrel-shift -mno-xl-soft-div -mcpu=v10.0 -mno-xl-soft-mul -Wl,--no-relax -ffunction-sections -fdata-sections -MMD -MP -MF"src/HASH/sha256.d" -MT"src/HASH/sha256.o" -o "src/HASH/sha256.o" "../src/HASH/sha256.c"
../src/HASH/sha256.c: In function 'sha256_trigger_init':
../src/HASH/sha256.c:30:13: error: 'SHA_BASEADDR' undeclared (first use in this function)
   Xil_Out32(SHA_BASEADDR + SHA_COMMAND_OFFSET, 2 + last_next);
             ^~~~~~~~~~~~
../src/HASH/sha256.c:30:13: note: each undeclared identifier is reported only once for each function it appears in
../src/HASH/sha256.c:30:28: error: 'SHA_COMMAND_OFFSET' undeclared (first use in this function)
   Xil_Out32(SHA_BASEADDR + SHA_COMMAND_OFFSET, 2 + last_next);
                            ^~~~~~~~~~~~~~~~~~
../src/HASH/sha256.c: In function 'sha256_trigger_next':
../src/HASH/sha256.c:41:13: error: 'SHA_BASEADDR' undeclared (first use in this function)
   Xil_Out32(SHA_BASEADDR + SHA_COMMAND_OFFSET, 1 + last_init);
             ^~~~~~~~~~~~
../src/HASH/sha256.c:41:28: error: 'SHA_COMMAND_OFFSET' undeclared (first use in this function)
   Xil_Out32(SHA_BASEADDR + SHA_COMMAND_OFFSET, 1 + last_init);
                            ^~~~~~~~~~~~~~~~~~
../src/HASH/sha256.c: In function 'sha256_digest_complete':
../src/HASH/sha256.c:50:19: error: 'SHA_BASEADDR' undeclared (first use in this function)
  return (Xil_In32(SHA_BASEADDR + SHA_STATUS_OFFSET) & 2) >> 1 ;
                   ^~~~~~~~~~~~
../src/HASH/sha256.c:50:34: error: 'SHA_STATUS_OFFSET' undeclared (first use in this function)
  return (Xil_In32(SHA_BASEADDR + SHA_STATUS_OFFSET) & 2) >> 1 ;
                                  ^~~~~~~~~~~~~~~~~
../src/HASH/sha256.c: In function 'sha256_ready':
../src/HASH/sha256.c:54:18: error: 'SHA_BASEADDR' undeclared (first use in this function)
  return Xil_In32(SHA_BASEADDR + SHA_STATUS_OFFSET) & 1;
                  ^~~~~~~~~~~~
src/HASH/subdir.mk:24: recipe for target 'src/HASH/sha256.o' failed
../src/HASH/sha256.c:54:33: error: 'SHA_STATUS_OFFSET' undeclared (first use in this function)
  return Xil_In32(SHA_BASEADDR + SHA_STATUS_OFFSET) & 1;
                                 ^~~~~~~~~~~~~~~~~
../src/HASH/sha256.c: In function 'load_block':
../src/HASH/sha256.c:83:15: error: 'SHA_BASEADDR' undeclared (first use in this function)
   Xil_Out32BE(SHA_BASEADDR + SHA_BLOCK_OFFSET + i, *(u32*)(block + i));
               ^~~~~~~~~~~~
../src/HASH/sha256.c:83:30: error: 'SHA_BLOCK_OFFSET' undeclared (first use in this function)
   Xil_Out32BE(SHA_BASEADDR + SHA_BLOCK_OFFSET + i, *(u32*)(block + i));
                              ^~~~~~~~~~~~~~~~
../src/HASH/sha256.c: In function 'read_digest':
../src/HASH/sha256.c:93:38: error: 'SHA_BASEADDR' undeclared (first use in this function)
   *(u32*)(digest_buf+i) = Xil_In32BE(SHA_BASEADDR + SHA_DIGEST_OFFSET + i);
                                      ^~~~~~~~~~~~
../src/HASH/sha256.c:93:53: error: 'SHA_DIGEST_OFFSET' undeclared (first use in this function)
   *(u32*)(digest_buf+i) = Xil_In32BE(SHA_BASEADDR + SHA_DIGEST_OFFSET + i);
                                                     ^~~~~~~~~~~~~~~~~
../src/HASH/sha256.c: In function 'sha256_digest_complete':
../src/HASH/sha256.c:51:1: warning: control reaches end of non-void function [-Wreturn-type]
 }
 ^
../src/HASH/sha256.c: In function 'sha256_ready':
../src/HASH/sha256.c:55:1: warning: control reaches end of non-void function [-Wreturn-type]
 }
 ^
make: *** [src/HASH/sha256.o] Error 1
13:23:02 **** Auto Build of configuration Debug for project Test_Run ****
make all 
Building file: ../src/HASH/sha256.c
Invoking: MicroBlaze gcc compiler
mb-gcc -Wall -O0 -g3 -c -fmessage-length=0 -MT"src/HASH/sha256.o" -I../../Test_Run_bsp/microblaze_0/include -mlittle-endian -mxl-barrel-shift -mno-xl-soft-div -mcpu=v10.0 -mno-xl-soft-mul -Wl,--no-relax -ffunction-sections -fdata-sections -MMD -MP -MF"src/HASH/sha256.d" -MT"src/HASH/sha256.o" -o "src/HASH/sha256.o" "../src/HASH/sha256.c"
Finished building: ../src/HASH/sha256.c
 
Building file: ../src/main.c
Invoking: MicroBlaze gcc compiler
mb-gcc -Wall -O0 -g3 -c -fmessage-length=0 -MT"src/main.o" -I../../Test_Run_bsp/microblaze_0/include -mlittle-endian -mxl-barrel-shift -mno-xl-soft-div -mcpu=v10.0 -mno-xl-soft-mul -Wl,--no-relax -ffunction-sections -fdata-sections -MMD -MP -MF"src/main.d" -MT"src/main.o" -o "src/main.o" "../src/main.c"
Finished building: ../src/main.c
 
Building target: Test_Run.elf
Invoking: MicroBlaze gcc linker
mb-gcc -Wl,-T -Wl,../src/lscript.ld -L../../Test_Run_bsp/microblaze_0/lib -mlittle-endian -mxl-barrel-shift -mno-xl-soft-div -mcpu=v10.0 -mno-xl-soft-mul -Wl,--no-relax -Wl,--gc-sections -o "Test_Run.elf"  ./src/HASH/md5.o ./src/HASH/sha1.o ./src/HASH/sha256.o  ./src/ECC/uECC.o  ./src/AES/aes.o ./src/AES/aes_decrypt_driver.o  ./src/main.o ./src/platform.o ./src/tests_1.o ./src/util.o   -Wl,--start-group,-lxil,-lgcc,-lc,--end-group
Finished building target: Test_Run.elf
 
Invoking: MicroBlaze Print Size
mb-size Test_Run.elf  |tee "Test_Run.elf.size"
   text	   data	    bss	    dec	    hex	filename
  35352	   1464	  21464	  58280	   e3a8	Test_Run.elf
Finished building: Test_Run.elf.size
 
13:24:20 **** Auto Build of configuration Debug for project Test_Run ****
make all 
Building file: ../src/HASH/sha256.c
Invoking: MicroBlaze gcc compiler
mb-gcc -Wall -O0 -g3 -c -fmessage-length=0 -MT"src/HASH/sha256.o" -I../../Test_Run_bsp/microblaze_0/include -mlittle-endian -mxl-barrel-shift -mno-xl-soft-div -mcpu=v10.0 -mno-xl-soft-mul -Wl,--no-relax -ffunction-sections -fdata-sections -MMD -MP -MF"src/HASH/sha256.d" -MT"src/HASH/sha256.o" -o "src/HASH/sha256.o" "../src/HASH/sha256.c"
Finished building: ../src/HASH/sha256.c
 
Building file: ../src/main.c
Invoking: MicroBlaze gcc compiler
mb-gcc -Wall -O0 -g3 -c -fmessage-length=0 -MT"src/main.o" -I../../Test_Run_bsp/microblaze_0/include -mlittle-endian -mxl-barrel-shift -mno-xl-soft-div -mcpu=v10.0 -mno-xl-soft-mul -Wl,--no-relax -ffunction-sections -fdata-sections -MMD -MP -MF"src/main.d" -MT"src/main.o" -o "src/main.o" "../src/main.c"
Finished building: ../src/main.c
 
Building target: Test_Run.elf
Invoking: MicroBlaze gcc linker
mb-gcc -Wl,-T -Wl,../src/lscript.ld -L../../Test_Run_bsp/microblaze_0/lib -mlittle-endian -mxl-barrel-shift -mno-xl-soft-div -mcpu=v10.0 -mno-xl-soft-mul -Wl,--no-relax -Wl,--gc-sections -o "Test_Run.elf"  ./src/HASH/md5.o ./src/HASH/sha1.o ./src/HASH/sha256.o  ./src/ECC/uECC.o  ./src/AES/aes.o ./src/AES/aes_decrypt_driver.o  ./src/main.o ./src/platform.o ./src/tests_1.o ./src/util.o   -Wl,--start-group,-lxil,-lgcc,-lc,--end-group
Finished building target: Test_Run.elf
 
Invoking: MicroBlaze Print Size
mb-size Test_Run.elf  |tee "Test_Run.elf.size"
   text	   data	    bss	    dec	    hex	filename
  35352	   1464	  21464	  58280	   e3a8	Test_Run.elf
Finished building: Test_Run.elf.size
 
13:25:21 **** Auto Build of configuration Debug for project Test_Run ****
make all 
Building file: ../src/HASH/sha256.c
Invoking: MicroBlaze gcc compiler
mb-gcc -Wall -O0 -g3 -c -fmessage-length=0 -MT"src/HASH/sha256.o" -I../../Test_Run_bsp/microblaze_0/include -mlittle-endian -mxl-barrel-shift -mno-xl-soft-div -mcpu=v10.0 -mno-xl-soft-mul -Wl,--no-relax -ffunction-sections -fdata-sections -MMD -MP -MF"src/HASH/sha256.d" -MT"src/HASH/sha256.o" -o "src/HASH/sha256.o" "../src/HASH/sha256.c"
Finished building: ../src/HASH/sha256.c
 
Building file: ../src/main.c
Invoking: MicroBlaze gcc compiler
mb-gcc -Wall -O0 -g3 -c -fmessage-length=0 -MT"src/main.o" -I../../Test_Run_bsp/microblaze_0/include -mlittle-endian -mxl-barrel-shift -mno-xl-soft-div -mcpu=v10.0 -mno-xl-soft-mul -Wl,--no-relax -ffunction-sections -fdata-sections -MMD -MP -MF"src/main.d" -MT"src/main.o" -o "src/main.o" "../src/main.c"
Finished building: ../src/main.c
 
Building target: Test_Run.elf
Invoking: MicroBlaze gcc linker
[...]
  sha256_compute_hash( tc2_1, res2_1, uint8_t init, uint8_t * hash_out);
  ^~~~~~~~~~~~~~~~~~~
In file included from ../src/main.c:29:0:
../src/HASH/sha256.h:27:6: note: declared here
 void sha256_compute_hash(uint8_t * data, uint32_t datalen, uint8_t init, uint8_t * hash_out);
      ^~~~~~~~~~~~~~~~~~~
At top level:
../src/main.c:69:14: warning: 'InterruptController' defined but not used [-Wunused-variable]
 static XIntc InterruptController;
              ^~~~~~~~~~~~~~~~~~~
src/subdir.mk:30: recipe for target 'src/main.o' failed
make: *** [src/main.o] Error 1
16:30:37 **** Auto Build of configuration Debug for project Test_Run ****
make all 
Building file: ../src/main.c
Invoking: MicroBlaze gcc compiler
mb-gcc -Wall -O0 -g3 -c -fmessage-length=0 -MT"src/main.o" -I../../Test_Run_bsp/microblaze_0/include -mlittle-endian -mxl-barrel-shift -mno-xl-soft-div -mcpu=v10.0 -mno-xl-soft-mul -Wl,--no-relax -ffunction-sections -fdata-sections -MMD -MP -MF"src/main.d" -MT"src/main.o" -o "src/main.o" "../src/main.c"
../src/main.c: In function 'main':
../src/main.c:932:38: error: 'init' undeclared (first use in this function)
  sha256_compute_hash( tc2_1, res2_1, init, uint8_t * hash_out);
                                      ^~~~
../src/main.c:932:38: note: each undeclared identifier is reported only once for each function it appears in
../src/main.c:932:44: error: expected expression before 'uint8_t'
  sha256_compute_hash( tc2_1, res2_1, init, uint8_t * hash_out);
                                            ^~~~~~~
../src/main.c:932:30: warning: passing argument 2 of 'sha256_compute_hash' makes integer from pointer without a cast [-Wint-conversion]
  sha256_compute_hash( tc2_1, res2_1, init, uint8_t * hash_out);
                              ^~~~~~
In file included from ../src/main.c:29:0:
../src/HASH/sha256.h:27:6: note: expected 'uint32_t {aka long unsigned int}' but argument is of type 'uint8_t * {aka unsigned char *}'
 void sha256_compute_hash(uint8_t * data, uint32_t datalen, uint8_t init, uint8_t * hash_out);
      ^~~~~~~~~~~~~~~~~~~
At top level:
../src/main.c:69:14: warning: 'InterruptController' defined but not used [-Wunused-variable]
 static XIntc InterruptController;
              ^~~~~~~~~~~~~~~~~~~
make: *** [src/main.o] Error 1
src/subdir.mk:30: recipe for target 'src/main.o' failed
16:30:41 **** Auto Build of configuration Debug for project Test_Run ****
make all 
Building file: ../src/main.c
Invoking: MicroBlaze gcc compiler
mb-gcc -Wall -O0 -g3 -c -fmessage-length=0 -MT"src/main.o" -I../../Test_Run_bsp/microblaze_0/include -mlittle-endian -mxl-barrel-shift -mno-xl-soft-div -mcpu=v10.0 -mno-xl-soft-mul -Wl,--no-relax -ffunction-sections -fdata-sections -MMD -MP -MF"src/main.d" -MT"src/main.o" -o "src/main.o" "../src/main.c"
../src/main.c: In function 'main':
../src/main.c:932:38: error: 'init' undeclared (first use in this function)
  sha256_compute_hash( tc2_1, res2_1, init, hash_out);
                                      ^~~~
../src/main.c:932:38: note: each undeclared identifier is reported only once for each function it appears in
../src/main.c:932:30: warning: passing argument 2 of 'sha256_compute_hash' makes integer from pointer without a cast [-Wint-conversion]
  sha256_compute_hash( tc2_1, res2_1, init, hash_out);
                              ^~~~~~
In file included from ../src/main.c:29:0:
../src/HASH/sha256.h:27:6: note: expected 'uint32_t {aka long unsigned int}' but argument is of type 'uint8_t * {aka unsigned char *}'
 void sha256_compute_hash(uint8_t * data, uint32_t datalen, uint8_t init, uint8_t * hash_out);
      ^~~~~~~~~~~~~~~~~~~
At top level:
../src/main.c:69:14: warning: 'InterruptController' defined but not used [-Wunused-variable]
 static XIntc InterruptController;
              ^~~~~~~~~~~~~~~~~~~
src/subdir.mk:30: recipe for target 'src/main.o' failed
make: *** [src/main.o] Error 1
16:30:48 **** Auto Build of configuration Debug for project Test_Run ****
make all 
Building file: ../src/main.c
Invoking: MicroBlaze gcc compiler
mb-gcc -Wall -O0 -g3 -c -fmessage-length=0 -MT"src/main.o" -I../../Test_Run_bsp/microblaze_0/include -mlittle-endian -mxl-barrel-shift -mno-xl-soft-div -mcpu=v10.0 -mno-xl-soft-mul -Wl,--no-relax -ffunction-sections -fdata-sections -MMD -MP -MF"src/main.d" -MT"src/main.o" -o "src/main.o" "../src/main.c"
../src/main.c: In function 'main':
../src/main.c:932:30: warning: passing argument 2 of 'sha256_compute_hash' makes integer from pointer without a cast [-Wint-conversion]
  sha256_compute_hash( tc2_1, res2_1, 1, hash_out);
                              ^~~~~~
In file included from ../src/main.c:29:0:
../src/HASH/sha256.h:27:6: note: expected 'uint32_t {aka long unsigned int}' but argument is of type 'uint8_t * {aka unsigned char *}'
 void sha256_compute_hash(uint8_t * data, uint32_t datalen, uint8_t init, uint8_t * hash_out);
      ^~~~~~~~~~~~~~~~~~~
At top level:
../src/main.c:69:14: warning: 'InterruptController' defined but not used [-Wunused-variable]
 static XIntc InterruptController;
              ^~~~~~~~~~~~~~~~~~~
Finished building: ../src/main.c
 
Building target: Test_Run.elf
Invoking: MicroBlaze gcc linker
mb-gcc -Wl,-T -Wl,../src/lscript.ld -L../../Test_Run_bsp/microblaze_0/lib -mlittle-endian -mxl-barrel-shift -mno-xl-soft-div -mcpu=v10.0 -mno-xl-soft-mul -Wl,--no-relax -Wl,--gc-sections -o "Test_Run.elf"  ./src/HASH/md5.o ./src/HASH/sha1.o ./src/HASH/sha256.o  ./src/ECC/uECC.o  ./src/AES/aes.o ./src/AES/aes_decrypt_driver.o  ./src/main.o ./src/platform.o ./src/tests_1.o ./src/util.o   -Wl,--start-group,-lxil,-lgcc,-lc,--end-group
Finished building target: Test_Run.elf
 
Invoking: MicroBlaze Print Size
mb-size Test_Run.elf  |tee "Test_Run.elf.size"
   text	   data	    bss	    dec	    hex	filename
  79436	   1484	   3192	  84112	  14890	Test_Run.elf
Finished building: Test_Run.elf.size
 
16:32:13 **** Auto Build of configuration Debug for project Test_Run ****
make all 
Building file: ../src/main.c
Invoking: MicroBlaze gcc compiler
mb-gcc -Wall -O0 -g3 -c -fmessage-length=0 -MT"src/main.o" -I../../Test_Run_bsp/microblaze_0/include -mlittle-endian -mxl-barrel-shift -mno-xl-soft-div -mcpu=v10.0 -mno-xl-soft-mul -Wl,--no-relax -ffunction-sections -fdata-sections -MMD -MP -MF"src/main.d" -MT"src/main.o" -o "src/main.o" "../src/main.c"
../src/main.c:69:14: warning: 'InterruptController' defined but not used [-Wunused-variable]
 static XIntc InterruptController;
              ^~~~~~~~~~~~~~~~~~~
Finished building: ../src/main.c
 
Building target: Test_Run.elf
Invoking: MicroBlaze gcc linker
mb-gcc -Wl,-T -Wl,../src/lscript.ld -L../../Test_Run_bsp/microblaze_0/lib -mlittle-endian -mxl-barrel-shift -mno-xl-soft-div -mcpu=v10.0 -mno-xl-soft-mul -Wl,--no-relax -Wl,--gc-sections -o "Test_Run.elf"  ./src/HASH/md5.o ./src/HASH/sha1.o ./src/HASH/sha256.o  ./src/ECC/uECC.o  ./src/AES/aes.o ./src/AES/aes_decrypt_driver.o  ./src/main.o ./src/platform.o ./src/tests_1.o ./src/util.o   -Wl,--start-group,-lxil,-lgcc,-lc,--end-group
Finished building target: Test_Run.elf
 
Invoking: MicroBlaze Print Size
mb-size Test_Run.elf  |tee "Test_Run.elf.size"
   text	   data	    bss	    dec	    hex	filename
  79432	   1484	   3188	  84104	  14888	Test_Run.elf
Finished building: Test_Run.elf.size
 
16:33:26 **** Auto Build of configuration Debug for project Test_Run ****
make all 
Building file: ../src/main.c
Invoking: MicroBlaze gcc compiler
mb-gcc -Wall -O0 -g3 -c -fmessage-length=0 -MT"src/main.o" -I../../Test_Run_bsp/microblaze_0/include -mlittle-endian -mxl-barrel-shift -mno-xl-soft-div -mcpu=v10.0 -mno-xl-soft-mul -Wl,--no-relax -ffunction-sections -fdata-sections -MMD -MP -MF"src/main.d" -MT"src/main.o" -o "src/main.o" "../src/main.c"
../src/main.c:69:14: warning: 'InterruptController' defined but not used [-Wunused-variable]
 static XIntc InterruptController;
              ^~~~~~~~~~~~~~~~~~~
Finished building: ../src/main.c
 
Building target: Test_Run.elf
Invoking: MicroBlaze gcc linker
mb-gcc -Wl,-T -Wl,../src/lscript.ld -L../../Test_Run_bsp/microblaze_0/lib -mlittle-endian -mxl-barrel-shift -mno-xl-soft-div -mcpu=v10.0 -mno-xl-soft-mul -Wl,--no-relax -Wl,--gc-sections -o "Test_Run.elf"  ./src/HASH/md5.o ./src/HASH/sha1.o ./src/HASH/sha256.o  ./src/ECC/uECC.o  ./src/AES/aes.o ./src/AES/aes_decrypt_driver.o  ./src/main.o ./src/platform.o ./src/tests_1.o ./src/util.o   -Wl,--start-group,-lxil,-lgcc,-lc,--end-group
Finished building target: Test_Run.elf
 
Invoking: MicroBlaze Print Size
mb-size Test_Run.elf  |tee "Test_Run.elf.size"
   text	   data	    bss	    dec	    hex	filename
  79468	   1484	   3192	  84144	  148b0	Test_Run.elf
Finished building: Test_Run.elf.size
 
16:35:55 **** Auto Build of configuration Debug for project Test_Run ****
make all 
Building file: ../src/main.c
Invoking: MicroBlaze gcc compiler
mb-gcc -Wall -O0 -g3 -c -fmessage-length=0 -MT"src/main.o" -I../../Test_Run_bsp/microblaze_0/include -mlittle-endian -mxl-barrel-shift -mno-xl-soft-div -mcpu=v10.0 -mno-xl-soft-mul -Wl,--no-relax -ffunction-sections -fdata-sections -MMD -MP -MF"src/main.d" -MT"src/main.o" -o "src/main.o" "../src/main.c"
../src/main.c:69:14: warning: 'InterruptController' defined but not used [-Wunused-variable]
 static XIntc InterruptController;
              ^~~~~~~~~~~~~~~~~~~
Finished building: ../src/main.c
 
Building target: Test_Run.elf
Invoking: MicroBlaze gcc linker
mb-gcc -Wl,-T -Wl,../src/lscript.ld -L../../Test_Run_bsp/microblaze_0/lib -mlittle-endian -mxl-barrel-shift -mno-xl-soft-div -mcpu=v10.0 -mno-xl-soft-mul -Wl,--no-relax -Wl,--gc-sections -o "Test_Run.elf"  ./src/HASH/md5.o ./src/HASH/sha1.o ./src/HASH/sha256.o  ./src/ECC/uECC.o  ./src/AES/aes.o ./src/AES/aes_decrypt_driver.o  ./src/main.o ./src/platform.o ./src/tests_1.o ./src/util.o   -Wl,--start-group,-lxil,-lgcc,-lc,--end-group
Finished building target: Test_Run.elf
 
Invoking: MicroBlaze Print Size
mb-size Test_Run.elf  |tee "Test_Run.elf.size"
   text	   data	    bss	    dec	    hex	filename
  79468	   1484	   3192	  84144	  148b0	Test_Run.elf
Finished building: Test_Run.elf.size
 
16:38:02 **** Auto Build of configuration Debug for project Test_Run ****
make all 
Building file: ../src/main.c
Invoking: MicroBlaze gcc compiler
mb-gcc -Wall -O0 -g3 -c -fmessage-length=0 -MT"src/main.o" -I../../Test_Run_bsp/microblaze_0/include -mlittle-endian -mxl-barrel-shift -mno-xl-soft-div -mcpu=v10.0 -mno-xl-soft-mul -Wl,--no-relax -ffunction-sections -fdata-sections -MMD -MP -MF"src/main.d" -MT"src/main.o" -o "src/main.o" "../src/main.c"
../src/main.c:69:14: warning: 'InterruptController' defined but not used [-Wunused-variable]
 static XIntc InterruptController;
              ^~~~~~~~~~~~~~~~~~~
Finished building: ../src/main.c
 
Building target: Test_Run.elf
Invoking: MicroBlaze gcc linker
mb-gcc -Wl,-T -Wl,../src/lscript.ld -L../../Test_Run_bsp/microblaze_0/lib -mlittle-endian -mxl-barrel-shift -mno-xl-soft-div -mcpu=v10.0 -mno-xl-soft-mul -Wl,--no-relax -Wl,--gc-sections -o "Test_Run.elf"  ./src/HASH/md5.o ./src/HASH/sha1.o ./src/HASH/sha256.o  ./src/ECC/uECC.o  ./src/AES/aes.o ./src/AES/aes_decrypt_driver.o  ./src/main.o ./src/platform.o ./src/tests_1.o ./src/util.o   -Wl,--start-group,-lxil,-lgcc,-lc,--end-group
Finished building target: Test_Run.elf
 
Invoking: MicroBlaze Print Size
mb-size Test_Run.elf  |tee "Test_Run.elf.size"
   text	   data	    bss	    dec	    hex	filename
  79468	   1484	   3192	  84144	  148b0	Test_Run.elf
Finished building: Test_Run.elf.size
 
16:38:13 **** Auto Build of configuration Debug for project Test_Run ****
make all 
Building file: ../src/main.c
Invoking: MicroBlaze gcc compiler
mb-gcc -Wall -O0 -g3 -c -fmessage-length=0 -MT"src/main.o" -I../../Test_Run_bsp/microblaze_0/include -mlittle-endian -mxl-barrel-shift -mno-xl-soft-div -mcpu=v10.0 -mno-xl-soft-mul -Wl,--no-relax -ffunction-sections -fdata-sections -MMD -MP -MF"src/main.d" -MT"src/main.o" -o "src/main.o" "../src/main.c"
../src/main.c:69:14: warning: 'InterruptController' defined but not used [-Wunused-variable]
 static XIntc InterruptController;
              ^~~~~~~~~~~~~~~~~~~
Finished building: ../src/main.c
 
Building target: Test_Run.elf
Invoking: MicroBlaze gcc linker
mb-gcc -Wl,-T -Wl,../src/lscript.ld -L../../Test_Run_bsp/microblaze_0/lib -mlittle-endian -mxl-barrel-shift -mno-xl-soft-div -mcpu=v10.0 -mno-xl-soft-mul -Wl,--no-relax -Wl,--gc-sections -o "Test_Run.elf"  ./src/HASH/md5.o ./src/HASH/sha1.o ./src/HASH/sha256.o  ./src/ECC/uECC.o  ./src/AES/aes.o ./src/AES/aes_decrypt_driver.o  ./src/main.o ./src/platform.o ./src/tests_1.o ./src/util.o   -Wl,--start-group,-lxil,-lgcc,-lc,--end-group
Finished building target: Test_Run.elf
 
Invoking: MicroBlaze Print Size
mb-size Test_Run.elf  |tee "Test_Run.elf.size"
   text	   data	    bss	    dec	    hex	filename
  79468	   1484	   3192	  84144	  148b0	Test_Run.elf
Finished building: Test_Run.elf.size
 
16:38:43 **** Auto Build of configuration Debug for project Test_Run ****
make all 
Building file: ../src/main.c
Invoking: MicroBlaze gcc compiler
mb-gcc -Wall -O0 -g3 -c -fmessage-length=0 -MT"src/main.o" -I../../Test_Run_bsp/microblaze_0/include -mlittle-endian -mxl-barrel-shift -mno-xl-soft-div -mcpu=v10.0 -mno-xl-soft-mul -Wl,--no-relax -ffunction-sections -fdata-sections -MMD -MP -MF"src/main.d" -MT"src/main.o" -o "src/main.o" "../src/main.c"
../src/main.c:69:14: warning: 'InterruptController' defined but not used [-Wunused-variable]
 static XIntc InterruptController;
              ^~~~~~~~~~~~~~~~~~~
Finished building: ../src/main.c
 
Building target: Test_Run.elf
Invoking: MicroBlaze gcc linker
mb-gcc -Wl,-T -Wl,../src/lscript.ld -L../../Test_Run_bsp/microblaze_0/lib -mlittle-endian -mxl-barrel-shift -mno-xl-soft-div -mcpu=v10.0 -mno-xl-soft-mul -Wl,--no-relax -Wl,--gc-sections -o "Test_Run.elf"  ./src/HASH/md5.o ./src/HASH/sha1.o ./src/HASH/sha256.o  ./src/ECC/uECC.o  ./src/AES/aes.o ./src/AES/aes_decrypt_driver.o  ./src/main.o ./src/platform.o ./src/tests_1.o ./src/util.o   -Wl,--start-group,-lxil,-lgcc,-lc,--end-group
Finished building target: Test_Run.elf
 
Invoking: MicroBlaze Print Size
mb-size Test_Run.elf  |tee "Test_Run.elf.size"
   text	   data	    bss	    dec	    hex	filename
  79468	   1484	   3192	  84144	  148b0	Test_Run.elf
Finished building: Test_Run.elf.size
 
16:39:11 **** Auto Build of configuration Debug for project Test_Run ****
make all 
Building file: ../src/main.c
Invoking: MicroBlaze gcc compiler
mb-gcc -Wall -O0 -g3 -c -fmessage-length=0 -MT"src/main.o" -I../../Test_Run_bsp/microblaze_0/include -mlittle-endian -mxl-barrel-shift -mno-xl-soft-div -mcpu=v10.0 -mno-xl-soft-mul -Wl,--no-relax -ffunction-sections -fdata-sections -MMD -MP -MF"src/main.d" -MT"src/main.o" -o "src/main.o" "../src/main.c"
../src/main.c:69:14: warning: 'InterruptController' defined but not used [-Wunused-variable]
 static XIntc InterruptController;
              ^~~~~~~~~~~~~~~~~~~
Finished building: ../src/main.c
 
Building target: Test_Run.elf
Invoking: MicroBlaze gcc linker
mb-gcc -Wl,-T -Wl,../src/lscript.ld -L../../Test_Run_bsp/microblaze_0/lib -mlittle-endian -mxl-barrel-shift -mno-xl-soft-div -mcpu=v10.0 -mno-xl-soft-mul -Wl,--no-relax -Wl,--gc-sections -o "Test_Run.elf"  ./src/HASH/md5.o ./src/HASH/sha1.o ./src/HASH/sha256.o  ./src/ECC/uECC.o  ./src/AES/aes.o ./src/AES/aes_decrypt_driver.o  ./src/main.o ./src/platform.o ./src/tests_1.o ./src/util.o   -Wl,--start-group,-lxil,-lgcc,-lc,--end-group
Finished building target: Test_Run.elf
 
Invoking: MicroBlaze Print Size
mb-size Test_Run.elf  |tee "Test_Run.elf.size"
   text	   data	    bss	    dec	    hex	filename
  79468	   1484	   3192	  84144	  148b0	Test_Run.elf
Finished building: Test_Run.elf.size
 
16:39:54 **** Auto Build of configuration Debug for project Test_Run ****
make all 
Building file: ../src/main.c
Invoking: MicroBlaze gcc compiler
mb-gcc -Wall -O0 -g3 -c -fmessage-length=0 -MT"src/main.o" -I../../Test_Run_bsp/microblaze_0/include -mlittle-endian -mxl-barrel-shift -mno-xl-soft-div -mcpu=v10.0 -mno-xl-soft-mul -Wl,--no-relax -ffunction-sections -fdata-sections -MMD -MP -MF"src/main.d" -MT"src/main.o" -o "src/main.o" "../src/main.c"
../src/main.c:69:14: warning: 'InterruptController' defined but not used [-Wunused-variable]
 static XIntc InterruptController;
              ^~~~~~~~~~~~~~~~~~~
Finished building: ../src/main.c
 
Building target: Test_Run.elf
Invoking: MicroBlaze gcc linker
mb-gcc -Wl,-T -Wl,../src/lscript.ld -L../../Test_Run_bsp/microblaze_0/lib -mlittle-endian -mxl-barrel-shift -mno-xl-soft-div -mcpu=v10.0 -mno-xl-soft-mul -Wl,--no-relax -Wl,--gc-sections -o "Test_Run.elf"  ./src/HASH/md5.o ./src/HASH/sha1.o ./src/HASH/sha256.o  ./src/ECC/uECC.o  ./src/AES/aes.o ./src/AES/aes_decrypt_driver.o  ./src/main.o ./src/platform.o ./src/tests_1.o ./src/util.o   -Wl,--start-group,-lxil,-lgcc,-lc,--end-group
Finished building target: Test_Run.elf
 
Invoking: MicroBlaze Print Size
mb-size Test_Run.elf  |tee "Test_Run.elf.size"
   text	   data	    bss	    dec	    hex	filename
  78912	   1484	   3188	  83584	  14680	Test_Run.elf
Finished building: Test_Run.elf.size
 
16:42:14 **** Auto Build of configuration Debug for project Test_Run ****
make all 
Building file: ../src/main.c
Invoking: MicroBlaze gcc compiler
mb-gcc -Wall -O0 -g3 -c -fmessage-length=0 -MT"src/main.o" -I../../Test_Run_bsp/microblaze_0/include -mlittle-endian -mxl-barrel-shift -mno-xl-soft-div -mcpu=v10.0 -mno-xl-soft-mul -Wl,--no-relax -ffunction-sections -fdata-sections -MMD -MP -MF"src/main.d" -MT"src/main.o" -o "src/main.o" "../src/main.c"
../src/main.c:69:14: warning: 'InterruptController' defined but not used [-Wunused-variable]
 static XIntc InterruptController;
              ^~~~~~~~~~~~~~~~~~~
Finished building: ../src/main.c
 
Building target: Test_Run.elf
Invoking: MicroBlaze gcc linker
mb-gcc -Wl,-T -Wl,../src/lscript.ld -L../../Test_Run_bsp/microblaze_0/lib -mlittle-endian -mxl-barrel-shift -mno-xl-soft-div -mcpu=v10.0 -mno-xl-soft-mul -Wl,--no-relax -Wl,--gc-sections -o "Test_Run.elf"  ./src/HASH/md5.o ./src/HASH/sha1.o ./src/HASH/sha256.o  ./src/ECC/uECC.o  ./src/AES/aes.o ./src/AES/aes_decrypt_driver.o  ./src/main.o ./src/platform.o ./src/tests_1.o ./src/util.o   -Wl,--start-group,-lxil,-lgcc,-lc,--end-group
Finished building target: Test_Run.elf
 
Invoking: MicroBlaze Print Size
mb-size Test_Run.elf  |tee "Test_Run.elf.size"
   text	   data	    bss	    dec	    hex	filename
  78912	   1484	   3188	  83584	  14680	Test_Run.elf
Finished building: Test_Run.elf.size
 
01:09:50 **** Auto Build of configuration Debug for project Test_Run ****
make all 
Building file: ../src/main.c
Invoking: MicroBlaze gcc compiler
mb-gcc -Wall -O0 -g3 -c -fmessage-length=0 -MT"src/main.o" -I../../Test_Run_bsp/microblaze_0/include -mlittle-endian -mxl-barrel-shift -mno-xl-soft-div -mcpu=v10.0 -mno-xl-soft-mul -Wl,--no-relax -ffunction-sections -fdata-sections -MMD -MP -MF"src/main.d" -MT"src/main.o" -o "src/main.o" "../src/main.c"
../src/main.c:69:14: warning: 'InterruptController' defined but not used [-Wunused-variable]
 static XIntc InterruptController;
              ^~~~~~~~~~~~~~~~~~~
Finished building: ../src/main.c
 
Building target: Test_Run.elf
Invoking: MicroBlaze gcc linker
mb-gcc -Wl,-T -Wl,../src/lscript.ld -L../../Test_Run_bsp/microblaze_0/lib -mlittle-endian -mxl-barrel-shift -mno-xl-soft-div -mcpu=v10.0 -mno-xl-soft-mul -Wl,--no-relax -Wl,--gc-sections -o "Test_Run.elf"  ./src/HASH/md5.o ./src/HASH/sha1.o ./src/HASH/sha256.o  ./src/ECC/uECC.o  ./src/AES/aes.o ./src/AES/aes_decrypt_driver.o  ./src/main.o ./src/platform.o ./src/tests_1.o ./src/util.o   -Wl,--start-group,-lxil,-lgcc,-lc,--end-group
Finished building target: Test_Run.elf
 
Invoking: MicroBlaze Print Size
mb-size Test_Run.elf  |tee "Test_Run.elf.size"
   text	   data	    bss	    dec	    hex	filename
  78912	   1484	   3188	  83584	  14680	Test_Run.elf
Finished building: Test_Run.elf.size
 
