01:09:50 **** Auto Build of configuration Debug for project Test_Run ****
make all 
Building file: ../src/main.c
Invoking: MicroBlaze gcc compiler
mb-gcc -Wall -O0 -g3 -c -fmessage-length=0 -MT"src/main.o" -I../../Test_Run_bsp/microblaze_0/include -mlittle-endian -mxl-barrel-shift -mno-xl-soft-div -mcpu=v10.0 -mno-xl-soft-mul -Wl,--no-relax -ffunction-sections -fdata-sections -MMD -MP -MF"src/main.d" -MT"src/main.o" -o "src/main.o" "../src/main.c"
../src/main.c:69:14: warning: 'InterruptController' defined but not used [-Wunused-variable]
 static XIntc InterruptController;
              ^~~~~~~~~~~~~~~~~~~
Finished building: ../src/main.c
 
Building target: Test_Run.elf
Invoking: MicroBlaze gcc linker
mb-gcc -Wl,-T -Wl,../src/lscript.ld -L../../Test_Run_bsp/microblaze_0/lib -mlittle-endian -mxl-barrel-shift -mno-xl-soft-div -mcpu=v10.0 -mno-xl-soft-mul -Wl,--no-relax -Wl,--gc-sections -o "Test_Run.elf"  ./src/HASH/md5.o ./src/HASH/sha1.o ./src/HASH/sha256.o  ./src/ECC/uECC.o  ./src/AES/aes.o ./src/AES/aes_decrypt_driver.o  ./src/main.o ./src/platform.o ./src/tests_1.o ./src/util.o   -Wl,--start-group,-lxil,-lgcc,-lc,--end-group
Finished building target: Test_Run.elf
 
Invoking: MicroBlaze Print Size
mb-size Test_Run.elf  |tee "Test_Run.elf.size"
   text	   data	    bss	    dec	    hex	filename
  78912	   1484	   3188	  83584	  14680	Test_Run.elf
Finished building: Test_Run.elf.size
 

01:09:50 Build Finished (took 262ms)

